Archive member included to satisfy reference by file (symbol)

..\src\config\default\touch\lib\qtm_acq_samc21_0x0020.X.a(sam_acq_x_samc21.o)
                              build/default/production/_ext/162237794/driven_shield.o (qtm_drivenshield_setup)
..\src\config\default\touch\lib\qtm_touch_key_cm0p_0x0002.X.a(sam_touch_key_x_cm0p.o)
                              build/default/production/_ext/162237794/touch.o (qtm_update_qtlib_timer)
..\src\config\default\touch\lib\qtm_freq_hop_cm0p_0x0006.X.a(sam_freq_hop_x_cm0p.o)
                              build/default/production/_ext/162237794/touch.o (qtm_freq_hop)
..\src\config\default\touch\lib\qtm_surface_cs_2t_cm0p_0x0025.X.a(sam_surface_cs_2t_x_cm0p.o)
                              build/default/production/_ext/162237794/touch.o (qtm_surface_cs2t_process)
..\src\config\default\touch\lib\qtm_surface_gestures_cm0p_0x0023.X.a(sam_surface_gestures_x_cm0p.o)
                              build/default/production/_ext/1662611032/kronocommuart_sam.o (qtm_gestures_2d_clearGesture)
c:/program files/microchip/xc32/v4.21/bin/bin/../../lib/gcc/pic32c/8.3.1/../../../../pic32c/lib/thumb/v6-m/nofp\libpic32c.a(data_init_wrapper.o)
                              build/default/production/_ext/1171490990/startup_xc32.o (__pic32c_data_initialization)
c:/program files/microchip/xc32/v4.21/bin/bin/../../lib/gcc/pic32c/8.3.1/../../../../pic32c/lib/thumb/v6-m/nofp\libpic32c.a(data_init_0_1.o)
                              c:/program files/microchip/xc32/v4.21/bin/bin/../../lib/gcc/pic32c/8.3.1/../../../../pic32c/lib/thumb/v6-m/nofp\libpic32c.a(data_init_wrapper.o) (__pic32c_data_initialization_impl)
c:/program files/microchip/xc32/v4.21/bin/bin/../../lib/gcc/pic32c/8.3.1/../../../../pic32c/lib/thumb/v6-m/nofp\libc-musl.a(__libc_start_main.o)
                              build/default/production/_ext/1171490990/startup_xc32.o (__libc_init_array)
c:/program files/microchip/xc32/v4.21/bin/bin/../../lib/gcc/pic32c/8.3.1/../../../../pic32c/lib/thumb/v6-m/nofp\libc-musl.a(libc.o)
                              c:/program files/microchip/xc32/v4.21/bin/bin/../../lib/gcc/pic32c/8.3.1/../../../../pic32c/lib/thumb/v6-m/nofp\libc-musl.a(__libc_start_main.o) (__progname_full)
c:/program files/microchip/xc32/v4.21/bin/bin/../../lib/gcc/pic32c/8.3.1/../../../../pic32c/lib/thumb/v6-m/nofp\libc-musl.a(memcpy.o)
                              build/default/production/_ext/1593096446/plib_nvmctrl.o (memcpy)
c:/program files/microchip/xc32/v4.21/bin/bin/../../lib/gcc/pic32c/8.3.1/../../../../pic32c/lib/thumb/v6-m/nofp\libc-musl.a(memset.o)
                              ..\src\config\default\touch\lib\qtm_surface_gestures_cm0p_0x0023.X.a(sam_surface_gestures_x_cm0p.o) (memset)
c:/program files/microchip/xc32/v4.21/bin/bin/../../lib/gcc/pic32c/8.3.1/../../../../pic32c/lib/thumb/v6-m/nofp\libc-musl.a(__environ.o)
                              c:/program files/microchip/xc32/v4.21/bin/bin/../../lib/gcc/pic32c/8.3.1/../../../../pic32c/lib/thumb/v6-m/nofp\libc-musl.a(__libc_start_main.o) (__environ)
c:/program files/microchip/xc32/v4.21/bin/bin/../../lib/gcc/pic32c/8.3.1/thumb/v6-m/nofp\libgcc.a(_thumb1_case_uhi.o)
                              ..\src\config\default\touch\lib\qtm_acq_samc21_0x0020.X.a(sam_acq_x_samc21.o) (__gnu_thumb1_case_uhi)
c:/program files/microchip/xc32/v4.21/bin/bin/../../lib/gcc/pic32c/8.3.1/thumb/v6-m/nofp\libgcc.a(_udivsi3.o)
                              build/default/production/_ext/162237794/touch.o (__aeabi_uidiv)
c:/program files/microchip/xc32/v4.21/bin/bin/../../lib/gcc/pic32c/8.3.1/thumb/v6-m/nofp\libgcc.a(_dvmd_tls.o)
                              c:/program files/microchip/xc32/v4.21/bin/bin/../../lib/gcc/pic32c/8.3.1/thumb/v6-m/nofp\libgcc.a(_udivsi3.o) (__aeabi_idiv0)
c:/program files/microchip/xc32/v4.21/bin/bin/../../lib/gcc/pic32c/8.3.1/thumb/v6-m/nofp\libgcc.a(_aeabi_uldivmod.o)
                              build/default/production/_ext/504274921/plib_sercom4_usart.o (__aeabi_uldivmod)
c:/program files/microchip/xc32/v4.21/bin/bin/../../lib/gcc/pic32c/8.3.1/thumb/v6-m/nofp\libgcc.a(_udivmoddi4.o)
                              c:/program files/microchip/xc32/v4.21/bin/bin/../../lib/gcc/pic32c/8.3.1/thumb/v6-m/nofp\libgcc.a(_aeabi_uldivmod.o) (__udivmoddi4)
c:/program files/microchip/xc32/v4.21/bin/bin/../../lib/gcc/pic32c/8.3.1/thumb/v6-m/nofp\libgcc.a(_lshrdi3.o)
                              c:/program files/microchip/xc32/v4.21/bin/bin/../../lib/gcc/pic32c/8.3.1/thumb/v6-m/nofp\libgcc.a(_udivmoddi4.o) (__aeabi_llsr)
c:/program files/microchip/xc32/v4.21/bin/bin/../../lib/gcc/pic32c/8.3.1/thumb/v6-m/nofp\libgcc.a(_ashldi3.o)
                              c:/program files/microchip/xc32/v4.21/bin/bin/../../lib/gcc/pic32c/8.3.1/thumb/v6-m/nofp\libgcc.a(_udivmoddi4.o) (__aeabi_llsl)
c:/program files/microchip/xc32/v4.21/bin/bin/../../lib/gcc/pic32c/8.3.1/thumb/v6-m/nofp\libgcc.a(_clzdi2.o)
[...]
Memory Configuration

Name             Origin             Length             Attributes
rom              0x00000000         0x00040000         xrl
ram              0x20000000         0x00008000         xw !r
config_00804000  0x00804000         0x00000004
config_00804004  0x00804004         0x00000004
*default*        0x00000000         0xffffffff

Linker script and memory map

LOAD c:/program files/microchip/xc32/v4.21/bin/bin/../../lib/gcc/pic32c/8.3.1/thumb/v6-m/nofp/crti.o
LOAD c:/program files/microchip/xc32/v4.21/bin/bin/../../lib/gcc/pic32c/8.3.1/thumb/v6-m/nofp/crtbegin.o
LOAD build/default/production/_ext/1984496892/plib_clock.o
LOAD build/default/production/_ext/1865161661/plib_dmac.o
LOAD build/default/production/_ext/1986646378/plib_evsys.o
LOAD build/default/production/_ext/1865468468/plib_nvic.o
LOAD build/default/production/_ext/1593096446/plib_nvmctrl.o
LOAD build/default/production/_ext/1865521619/plib_port.o
LOAD build/default/production/_ext/60180175/plib_rtc_timer.o
LOAD build/default/production/_ext/504274921/plib_sercom4_usart.o
LOAD build/default/production/_ext/829342655/plib_tc4.o
LOAD build/default/production/_ext/163028504/xc32_monitor.o
LOAD build/default/production/_ext/1662611032/kronocommuart_sam.o
LOAD build/default/production/_ext/1662611032/kronocommadaptor.o
LOAD build/default/production/_ext/162237794/touch.o
LOAD build/default/production/_ext/162237794/touch_example.o
LOAD build/default/production/_ext/162237794/driven_shield.o
LOAD build/default/production/_ext/1171490990/initialization.o
LOAD build/default/production/_ext/1171490990/interrupts.o
LOAD build/default/production/_ext/1171490990/exceptions.o
LOAD build/default/production/_ext/1171490990/startup_xc32.o
LOAD build/default/production/_ext/1171490990/libc_syscalls.o
LOAD build/default/production/_ext/1360937237/main.o
LOAD ..\src\config\default\touch\lib\qtm_acq_samc21_0x0020.X.a
LOAD ..\src\config\default\touch\lib\qtm_touch_key_cm0p_0x0002.X.a
LOAD ..\src\config\default\touch\lib\qtm_freq_hop_cm0p_0x0006.X.a
LOAD ..\src\config\default\touch\lib\qtm_surface_cs_2t_cm0p_0x0025.X.a
LOAD ..\src\config\default\touch\lib\qtm_surface_gestures_cm0p_0x0023.X.a
                0x00000001                __MPLAB_BUILD = 0x1
                0x00040000                __rom_end = (ORIGIN (rom) + LENGTH (rom))
                0x20008000                __ram_end = (ORIGIN (ram) + LENGTH (ram))

.config_00804000
 *(.config_00804000)

.config_00804004
 *(.config_00804004)

.vectors        0x00000000       0xbc
                0x00000000                . = ALIGN (0x4)
                0x00000000                _sfixed = .
 *(.vectors .vectors.* .vectors_default .vectors_default.*)
 .vectors.exception_table
                0x00000000       0xbc build/default/production/_ext/1171490990/interrupts.o
                0x00000000                exception_table
 *(.isr_vector)
 *(.reset*)
 *(.after_vectors)

.text           0x000000bc       0x20
                0x000000bc                . = ALIGN (0x4)
 *(.glue_7t)
 .glue_7t       0x000000bc        0x0 linker stubs
 *(.glue_7)
 .glue_7        0x000000bc        0x0 linker stubs
 *(.gnu.linkonce.r.*)
 *(.ARM.extab* .gnu.linkonce.armextab.*)
                0x000000bc                . = ALIGN (0x4)
 *(.init)
 .init          0x000000bc        0x4 c:/program files/microchip/xc32/v4.21/bin/bin/../../lib/gcc/pic32c/8.3.1/thumb/v6-m/nofp/crti.o
                0x000000bc                _init
 .init          0x000000c0        0x8 c:/program files/microchip/xc32/v4.21/bin/bin/../../lib/gcc/pic32c/8.3.1/thumb/v6-m/nofp/crtn.o
                0x000000c8                . = ALIGN (0x4)
                0x000000c8                __preinit_array_start = .
 *(.preinit_array)
                0x000000c8                __preinit_array_end = .
                0x000000c8                . = ALIGN (0x4)
                0x000000c8                __init_array_start = .
 *(SORT_BY_NAME(.init_array.*))
 *(.init_array)
 .init_array    0x000000c8        0x4 c:/program files/microchip/xc32/v4.21/bin/bin/../../lib/gcc/pic32c/8.3.1/thumb/v6-m/nofp/crtbegin.o
                0x000000cc                __init_array_end = .
                0x000000cc                . = ALIGN (0x4)
 *crtbegin.o(.ctors)
 *(EXCLUDE_FILE(*crtend.o) .ctors)
 *(SORT_BY_NAME(.ctors.*))
 *crtend.o(.ctors)
                0x000000cc                . = ALIGN (0x4)
 *(.fini)
 .fini          0x000000cc        0x4 c:/program files/microchip/xc32/v4.21/bin/bin/../../lib/gcc/pic32c/8.3.1/thumb/v6-m/nofp/crti.o
                0x000000cc                _fini
 .fini          0x000000d0        0x8 c:/program files/microchip/xc32/v4.21/bin/bin/../../lib/gcc/pic32c/8.3.1/thumb/v6-m/nofp/crtn.o
                0x000000d8                . = ALIGN (0x4)
                0x000000d8                __fini_array_start = .
 *(.fini_array)
 .fini_array    0x000000d8        0x4 c:/program files/microchip/xc32/v4.21/bin/bin/../../lib/gcc/pic32c/8.3.1/thumb/v6-m/nofp/crtbegin.o
 *(SORT_BY_NAME(.fini_array.*))
                0x000000dc                __fini_array_end = .
 *crtbegin.o(.dtors)
 *(EXCLUDE_FILE(*crtend.o) .dtors)
 *(SORT_BY_NAME(.dtors.*))
 *crtend.o(.dtors)
                0x000000dc                . = ALIGN (0x4)
                0x000000dc                _efixed = .
                [!provide]                PROVIDE (__exidx_start = .)

.ARM.exidx
 *(.ARM.exidx* .gnu.linkonce.armexidx.*)
                [!provide]                PROVIDE (__exidx_end = .)
                0x000000dc                . = ALIGN (0x4)
                0x000000dc                _etext = .

.bss            0x20000000       0x14
                0x20000000                . = ALIGN (0x4)
                0x20000000                __bss_start__ = .
                0x20000000                _sbss = .
                0x20000000                _szero = .
 *(COMMON)
 COMMON         0x20000000        0xc ..\src\config\default\touch\lib\qtm_acq_samc21_0x0020.X.a(sam_acq_x_samc21.o)
                0x20000000                p_qtm_drivenshield_config
                0x20000004                qtm_acquisition_control_working_set_ptr
                0x20000008                qtm_raw_data_measurements_ptr
 COMMON         0x2000000c        0x8 ..\src\config\default\touch\lib\qtm_surface_gestures_cm0p_0x0023.X.a(sam_surface_gestures_x_cm0p.o)
                0x2000000c                timer
                0x20000010                cfgRam
                0x20000014                . = ALIGN (0x4)
                0x20000014                __bss_end__ = .
                0x20000014                _ebss = .
                0x20000014                _ezero = .
                0x20000014                . = ALIGN (0x4)
                0x20000014                _end = .
                0x20007fff                _ram_end_ = ((ORIGIN (ram) + LENGTH (ram)) - 0x1)
                0x00000200                _min_heap_size = 0x200
START GROUP
LOAD c:/program files/microchip/xc32/v4.21/bin/bin/../../lib/gcc/pic32c/8.3.1/../../../../pic32c/lib/thumb/v6-m/nofp\libpic32c.a
LOAD c:/program files/microchip/xc32/v4.21/bin/bin/../../lib/gcc/pic32c/8.3.1/../../../../pic32c/lib/thumb/v6-m/nofp\libm-emfloat.a
LOAD c:/program files/microchip/xc32/v4.21/bin/bin/../../lib/gcc/pic32c/8.3.1/../../../../pic32c/lib/thumb/v6-m/nofp\libc-musl.a
LOAD c:/program files/microchip/xc32/v4.21/bin/bin/../../lib/gcc/pic32c/8.3.1/../../../../pic32c/lib/thumb/v6-m/nofp\libm-emfloat.a
LOAD c:/program files/microchip/xc32/v4.21/bin/bin/../../lib/gcc/pic32c/8.3.1/thumb/v6-m/nofp\libgcc.a
END GROUP
LOAD c:/program files/microchip/xc32/v4.21/bin/bin/../../lib/gcc/pic32c/8.3.1/thumb/v6-m/nofp/crtend.o
LOAD c:/program files/microchip/xc32/v4.21/bin/bin/../../lib/gcc/pic32c/8.3.1/thumb/v6-m/nofp/crtn.o
OUTPUT(dist/default/production/samc21xpro-qt8.X.production.elf elf32-littlearm)
LOAD stack
LOAD data_init

.ARM.attributes
                0x00000000       0x2c
 .ARM.attributes
                0x00000000       0x1e c:/program files/microchip/xc32/v4.21/bin/bin/../../lib/gcc/pic32c/8.3.1/thumb/v6-m/nofp/crti.o
 .ARM.attributes
                0x0000001e       0x2c c:/program files/microchip/xc32/v4.21/bin/bin/../../lib/gcc/pic32c/8.3.1/thumb/v6-m/nofp/crtbegin.o
 .ARM.attributes
                0x0000004a       0x2c build/default/production/_ext/1984496892/plib_clock.o
 .ARM.attributes
                0x00000076       0x2c build/default/production/_ext/1865161661/plib_dmac.o
 .ARM.attributes
                0x000000a2       0x2c build/default/production/_ext/1986646378/plib_evsys.o
 .ARM.attributes
                0x000000ce       0x2c build/default/production/_ext/1865468468/plib_nvic.o
 .ARM.attributes
                0x000000fa       0x2c build/default/production/_ext/1593096446/plib_nvmctrl.o
 .ARM.attributes
                0x00000126       0x2c build/default/production/_ext/1865521619/plib_port.o
 .ARM.attributes
                0x00000152       0x2c build/default/production/_ext/60180175/plib_rtc_timer.o
 .ARM.attributes
                0x0000017e       0x2c build/default/production/_ext/504274921/plib_sercom4_usart.o
 .ARM.attributes
                0x000001aa       0x2c build/default/production/_ext/829342655/plib_tc4.o
 .ARM.attributes
                0x000001d6       0x2c build/default/production/_ext/1662611032/kronocommuart_sam.o
 .ARM.attributes
                0x00000202       0x2c build/default/production/_ext/1662611032/kronocommadaptor.o
 .ARM.attributes
                0x0000022e       0x2c build/default/production/_ext/162237794/touch.o
 .ARM.attributes
                0x0000025a       0x2c build/default/production/_ext/162237794/driven_shield.o
 .ARM.attributes
                0x00000286       0x2c build/default/production/_ext/1171490990/initialization.o
 .ARM.attributes
                0x000002b2       0x2c build/default/production/_ext/1171490990/interrupts.o
 .ARM.attributes
                0x000002de       0x2c build/default/production/_ext/1171490990/exceptions.o
 .ARM.attributes
                0x0000030a       0x2c build/default/production/_ext/1171490990/startup_xc32.o
 .ARM.attributes
                0x00000336       0x2c build/default/production/_ext/1360937237/main.o
 .ARM.attributes
                0x00000362       0x2c ..\src\config\default\touch\lib\qtm_acq_samc21_0x0020.X.a(sam_acq_x_samc21.o)
 .ARM.attributes
                0x0000038e       0x2c ..\src\config\default\touch\lib\qtm_touch_key_cm0p_0x0002.X.a(sam_touch_key_x_cm0p.o)
 .ARM.attributes
                0x000003ba       0x2c ..\src\config\default\touch\lib\qtm_freq_hop_cm0p_0x0006.X.a(sam_freq_hop_x_cm0p.o)
 .ARM.attributes
                0x000003e6       0x2c ..\src\config\default\touch\lib\qtm_surface_cs_2t_cm0p_0x0025.X.a(sam_surface_cs_2t_x_cm0p.o)
 .ARM.attributes
                0x00000412       0x2c ..\src\config\default\touch\lib\qtm_surface_gestures_cm0p_0x0023.X.a(sam_surface_gestures_x_cm0p.o)
 .ARM.attributes
                0x0000043e       0x2c c:/program files/microchip/xc32/v4.21/bin/bin/../../lib/gcc/pic32c/8.3.1/../../../../pic32c/lib/thumb/v6-m/nofp\libpic32c.a(data_init_wrapper.o)
 .ARM.attributes
                0x0000046a       0x2c c:/program files/microchip/xc32/v4.21/bin/bin/../../lib/gcc/pic32c/8.3.1/../../../../pic32c/lib/thumb/v6-m/nofp\libpic32c.a(data_init_0_1.o)
 .ARM.attributes
                0x00000496       0x2e c:/program files/microchip/xc32/v4.21/bin/bin/../../lib/gcc/pic32c/8.3.1/../../../../pic32c/lib/thumb/v6-m/nofp\libc-musl.a(__libc_start_main.o)
 .ARM.attributes
                0x000004c4       0x2e c:/program files/microchip/xc32/v4.21/bin/bin/../../lib/gcc/pic32c/8.3.1/../../../../pic32c/lib/thumb/v6-m/nofp\libc-musl.a(libc.o)
 .ARM.attributes
                0x000004f2       0x2e c:/program files/microchip/xc32/v4.21/bin/bin/../../lib/gcc/pic32c/8.3.1/../../../../pic32c/lib/thumb/v6-m/nofp\libc-musl.a(memset.o)
 .ARM.attributes
                0x00000520       0x2e c:/program files/microchip/xc32/v4.21/bin/bin/../../lib/gcc/pic32c/8.3.1/../../../../pic32c/lib/thumb/v6-m/nofp\libc-musl.a(__environ.o)
 .ARM.attributes
                0x0000054e       0x1e c:/program files/microchip/xc32/v4.21/bin/bin/../../lib/gcc/pic32c/8.3.1/thumb/v6-m/nofp\libgcc.a(_thumb1_case_uhi.o)
 .ARM.attributes
                0x0000056c       0x1e c:/program files/microchip/xc32/v4.21/bin/bin/../../lib/gcc/pic32c/8.3.1/thumb/v6-m/nofp\libgcc.a(_udivsi3.o)
 .ARM.attributes
                0x0000058a       0x1e c:/program files/microchip/xc32/v4.21/bin/bin/../../lib/gcc/pic32c/8.3.1/thumb/v6-m/nofp\libgcc.a(_dvmd_tls.o)
 .ARM.attributes
                0x000005a8       0x1e c:/program files/microchip/xc32/v4.21/bin/bin/../../lib/gcc/pic32c/8.3.1/thumb/v6-m/nofp/crtn.o

.comment        0x00000000       0x67
 .comment       0x00000000       0x2b c:/program files/microchip/xc32/v4.21/bin/bin/../../lib/gcc/pic32c/8.3.1/thumb/v6-m/nofp/crtbegin.o
                                 0x2c (size before relaxing)
 .comment       0x0000002b       0x2c build/default/production/_ext/1984496892/plib_clock.o
 .comment       0x0000002b       0x2c build/default/production/_ext/1865161661/plib_dmac.o
 .comment       0x0000002b       0x2c build/default/production/_ext/1986646378/plib_evsys.o
 .comment       0x0000002b       0x2c build/default/production/_ext/1865468468/plib_nvic.o
 .comment       0x0000002b       0x2c build/default/production/_ext/1593096446/plib_nvmctrl.o
 .comment       0x0000002b       0x2c build/default/production/_ext/1865521619/plib_port.o
 .comment       0x0000002b       0x2c build/default/production/_ext/60180175/plib_rtc_timer.o
 .comment       0x0000002b       0x2c build/default/production/_ext/504274921/plib_sercom4_usart.o
 .comment       0x0000002b       0x2c build/default/production/_ext/829342655/plib_tc4.o
 .comment       0x0000002b       0x2c build/default/production/_ext/1662611032/kronocommuart_sam.o
 .comment       0x0000002b       0x2c build/default/production/_ext/1662611032/kronocommadaptor.o
 .comment       0x0000002b       0x2c build/default/production/_ext/162237794/touch.o
 .comment       0x0000002b       0x2c build/default/production/_ext/162237794/driven_shield.o
 .comment       0x0000002b       0x2c build/default/production/_ext/1171490990/initialization.o
 .comment       0x0000002b       0x2c build/default/production/_ext/1171490990/interrupts.o
 .comment       0x0000002b       0x2c build/default/production/_ext/1171490990/exceptions.o
 .comment       0x0000002b       0x2c build/default/production/_ext/1171490990/startup_xc32.o
 .comment       0x0000002b       0x2c build/default/production/_ext/1360937237/main.o
 .comment       0x0000002b       0x3c ..\src\config\default\touch\lib\qtm_acq_samc21_0x0020.X.a(sam_acq_x_samc21.o)
                                 0x3d (size before relaxing)
 .comment       0x00000067       0x3d ..\src\config\default\touch\lib\qtm_touch_key_cm0p_0x0002.X.a(sam_touch_key_x_cm0p.o)
 .comment       0x00000067       0x3d ..\src\config\default\touch\lib\qtm_freq_hop_cm0p_0x0006.X.a(sam_freq_hop_x_cm0p.o)
 .comment       0x00000067       0x3d ..\src\config\default\touch\lib\qtm_surface_cs_2t_cm0p_0x0025.X.a(sam_surface_cs_2t_x_cm0p.o)
 .comment       0x00000067       0x3d ..\src\config\default\touch\lib\qtm_surface_gestures_cm0p_0x0023.X.a(sam_surface_gestures_x_cm0p.o)
 .comment       0x00000067       0x2c c:/program files/microchip/xc32/v4.21/bin/bin/../../lib/gcc/pic32c/8.3.1/../../../../pic32c/lib/thumb/v6-m/nofp\libpic32c.a(data_init_wrapper.o)
 .comment       0x00000067       0x2c c:/program files/microchip/xc32/v4.21/bin/bin/../../lib/gcc/pic32c/8.3.1/../../../../pic32c/lib/thumb/v6-m/nofp\libpic32c.a(data_init_0_1.o)
 .comment       0x00000067       0x2c c:/program files/microchip/xc32/v4.21/bin/bin/../../lib/gcc/pic32c/8.3.1/../../../../pic32c/lib/thumb/v6-m/nofp\libc-musl.a(__libc_start_main.o)
 .comment       0x00000067       0x2c c:/program files/microchip/xc32/v4.21/bin/bin/../../lib/gcc/pic32c/8.3.1/../../../../pic32c/lib/thumb/v6-m/nofp\libc-musl.a(libc.o)
 .comment       0x00000067       0x2c c:/program files/microchip/xc32/v4.21/bin/bin/../../lib/gcc/pic32c/8.3.1/../../../../pic32c/lib/thumb/v6-m/nofp\libc-musl.a(memset.o)
 .comment       0x00000067       0x2c c:/program files/microchip/xc32/v4.21/bin/bin/../../lib/gcc/pic32c/8.3.1/../../../../pic32c/lib/thumb/v6-m/nofp\libc-musl.a(__environ.o)

.debug_info     0x00000000    0x106fd
 .debug_info    0x00000000      0xaf9 build/default/production/_ext/1984496892/plib_clock.o
 .debug_info    0x00000af9     0x125a build/default/production/_ext/1865161661/plib_dmac.o
 .debug_info    0x00001d53      0x5e9 build/default/production/_ext/1986646378/plib_evsys.o
 .debug_info    0x0000233c      0xb6f build/default/production/_ext/1865468468/plib_nvic.o
 .debug_info    0x00002eab      0xbc5 build/default/production/_ext/1593096446/plib_nvmctrl.o
 .debug_info    0x00003a70      0xd52 build/default/production/_ext/1865521619/plib_port.o
 .debug_info    0x000047c2      0xb52 build/default/production/_ext/60180175/plib_rtc_timer.o
 .debug_info    0x00005314     0x1826 build/default/production/_ext/504274921/plib_sercom4_usart.o
 .debug_info    0x00006b3a      0xbc4 build/default/production/_ext/829342655/plib_tc4.o
 .debug_info    0x000076fe      0xe34 build/default/production/_ext/1662611032/kronocommuart_sam.o
 .debug_info    0x00008532     0x1448 build/default/production/_ext/1662611032/kronocommadaptor.o
 .debug_info    0x0000997a     0x2bfd build/default/production/_ext/162237794/touch.o
 .debug_info    0x0000c577     0x1129 build/default/production/_ext/162237794/driven_shield.o
 .debug_info    0x0000d6a0      0x687 build/default/production/_ext/1171490990/initialization.o
 .debug_info    0x0000dd27      0x8be build/default/production/_ext/1171490990/interrupts.o
 .debug_info    0x0000e5e5      0x331 build/default/production/_ext/1171490990/exceptions.o
 .debug_info    0x0000e916      0x492 build/default/production/_ext/1171490990/startup_xc32.o
 .debug_info    0x0000eda8      0x326 build/default/production/_ext/1360937237/main.o
 .debug_info    0x0000f0ce      0x298 c:/program files/microchip/xc32/v4.21/bin/bin/../../lib/gcc/pic32c/8.3.1/../../../../pic32c/lib/thumb/v6-m/nofp\libpic32c.a(data_init_wrapper.o)
 .debug_info    0x0000f366      0x299 c:/program files/microchip/xc32/v4.21/bin/bin/../../lib/gcc/pic32c/8.3.1/../../../../pic32c/lib/thumb/v6-m/nofp\libpic32c.a(data_init_0_1.o)
 .debug_info    0x0000f5ff      0x617 c:/program files/microchip/xc32/v4.21/bin/bin/../../lib/gcc/pic32c/8.3.1/../../../../pic32c/lib/thumb/v6-m/nofp\libc-musl.a(__libc_start_main.o)
 .debug_info    0x0000fc16      0x529 c:/program files/microchip/xc32/v4.21/bin/bin/../../lib/gcc/pic32c/8.3.1/../../../../pic32c/lib/thumb/v6-m/nofp\libc-musl.a(libc.o)
 .debug_info    0x0001013f      0x2a9 c:/program files/microchip/xc32/v4.21/bin/bin/../../lib/gcc/pic32c/8.3.1/../../../../pic32c/lib/thumb/v6-m/nofp\libc-musl.a(memset.o)
 .debug_info    0x000103e8      0x2a3 c:/program files/microchip/xc32/v4.21/bin/bin/../../lib/gcc/pic32c/8.3.1/../../../../pic32c/lib/thumb/v6-m/nofp\libc-musl.a(__environ.o)
 .debug_info    0x0001068b       0x26 c:/program files/microchip/xc32/v4.21/bin/bin/../../lib/gcc/pic32c/8.3.1/thumb/v6-m/nofp\libgcc.a(_thumb1_case_uhi.o)
 .debug_info    0x000106b1       0x26 c:/program files/microchip/xc32/v4.21/bin/bin/../../lib/gcc/pic32c/8.3.1/thumb/v6-m/nofp\libgcc.a(_udivsi3.o)
 .debug_info    0x000106d7       0x26 c:/program files/microchip/xc32/v4.21/bin/bin/../../lib/gcc/pic32c/8.3.1/thumb/v6-m/nofp\libgcc.a(_dvmd_tls.o)

.debug_abbrev   0x00000000     0x2234
 .debug_abbrev  0x00000000      0x14f build/default/production/_ext/1984496892/plib_clock.o
 .debug_abbrev  0x0000014f      0x314 build/default/production/_ext/1865161661/plib_dmac.o
 .debug_abbrev  0x00000463      0x10e build/default/production/_ext/1986646378/plib_evsys.o
 .debug_abbrev  0x00000571      0x1fd build/default/production/_ext/1865468468/plib_nvic.o
 .debug_abbrev  0x0000076e      0x1ba build/default/production/_ext/1593096446/plib_nvmctrl.o
 .debug_abbrev  0x00000928      0x1d6 build/default/production/_ext/1865521619/plib_port.o
 .debug_abbrev  0x00000afe      0x189 build/default/production/_ext/60180175/plib_rtc_timer.o
 .debug_abbrev  0x00000c87      0x39d build/default/production/_ext/504274921/plib_sercom4_usart.o
 .debug_abbrev  0x00001024      0x187 build/default/production/_ext/829342655/plib_tc4.o
 .debug_abbrev  0x000011ab      0x1d5 build/default/production/_ext/1662611032/kronocommuart_sam.o
 .debug_abbrev  0x00001380      0x21e build/default/production/_ext/1662611032/kronocommadaptor.o
 .debug_abbrev  0x0000159e      0x373 build/default/production/_ext/162237794/touch.o
 .debug_abbrev  0x00001911      0x25a build/default/production/_ext/162237794/driven_shield.o
 .debug_abbrev  0x00001b6b       0xfa build/default/production/_ext/1171490990/initialization.o
 .debug_abbrev  0x00001c65       0xb5 build/default/production/_ext/1171490990/interrupts.o
 .debug_abbrev  0x00001d1a       0x3e build/default/production/_ext/1171490990/exceptions.o
 .debug_abbrev  0x00001d58      0x110 build/default/production/_ext/1171490990/startup_xc32.o
 .debug_abbrev  0x00001e68       0x77 build/default/production/_ext/1360937237/main.o
 .debug_abbrev  0x00001edf       0x2e c:/program files/microchip/xc32/v4.21/bin/bin/../../lib/gcc/pic32c/8.3.1/../../../../pic32c/lib/thumb/v6-m/nofp\libpic32c.a(data_init_wrapper.o)
 .debug_abbrev  0x00001f0d       0x2e c:/program files/microchip/xc32/v4.21/bin/bin/../../lib/gcc/pic32c/8.3.1/../../../../pic32c/lib/thumb/v6-m/nofp\libpic32c.a(data_init_0_1.o)
 .debug_abbrev  0x00001f3b      0x117 c:/program files/microchip/xc32/v4.21/bin/bin/../../lib/gcc/pic32c/8.3.1/../../../../pic32c/lib/thumb/v6-m/nofp\libc-musl.a(__libc_start_main.o)
 .debug_abbrev  0x00002052       0xb8 c:/program files/microchip/xc32/v4.21/bin/bin/../../lib/gcc/pic32c/8.3.1/../../../../pic32c/lib/thumb/v6-m/nofp\libc-musl.a(libc.o)
 .debug_abbrev  0x0000210a       0x97 c:/program files/microchip/xc32/v4.21/bin/bin/../../lib/gcc/pic32c/8.3.1/../../../../pic32c/lib/thumb/v6-m/nofp\libc-musl.a(memset.o)
 .debug_abbrev  0x000021a1       0x57 c:/program files/microchip/xc32/v4.21/bin/bin/../../lib/gcc/pic32c/8.3.1/../../../../pic32c/lib/thumb/v6-m/nofp\libc-musl.a(__environ.o)
 .debug_abbrev  0x000021f8       0x14 c:/program files/microchip/xc32/v4.21/bin/bin/../../lib/gcc/pic32c/8.3.1/thumb/v6-m/nofp\libgcc.a(_thumb1_case_uhi.o)
 .debug_abbrev  0x0000220c       0x14 c:/program files/microchip/xc32/v4.21/bin/bin/../../lib/gcc/pic32c/8.3.1/thumb/v6-m/nofp\libgcc.a(_udivsi3.o)
 .debug_abbrev  0x00002220       0x14 c:/program files/microchip/xc32/v4.21/bin/bin/../../lib/gcc/pic32c/8.3.1/thumb/v6-m/nofp\libgcc.a(_dvmd_tls.o)

.debug_loc      0x00000000     0x2fa5
 .debug_loc     0x00000000       0x45 build/default/production/_ext/1984496892/plib_clock.o
 .debug_loc     0x00000045      0xab1 build/default/production/_ext/1865161661/plib_dmac.o
 .debug_loc     0x00000af6       0xc8 build/default/production/_ext/1986646378/plib_evsys.o
 .debug_loc     0x00000bbe      0x156 build/default/production/_ext/1865468468/plib_nvic.o
 .debug_loc     0x00000d14      0x689 build/default/production/_ext/1593096446/plib_nvmctrl.o
 .debug_loc     0x0000139d      0x226 build/default/production/_ext/1865521619/plib_port.o
 .debug_loc     0x000015c3       0x6a build/default/production/_ext/60180175/plib_rtc_timer.o
 .debug_loc     0x0000162d      0x666 build/default/production/_ext/504274921/plib_sercom4_usart.o
 .debug_loc     0x00001c93       0xeb build/default/production/_ext/829342655/plib_tc4.o
 .debug_loc     0x00001d7e      0x4da build/default/production/_ext/1662611032/kronocommuart_sam.o
 .debug_loc     0x00002258      0x530 build/default/production/_ext/1662611032/kronocommadaptor.o
 .debug_loc     0x00002788      0x403 build/default/production/_ext/162237794/touch.o
 .debug_loc     0x00002b8b      0x28f build/default/production/_ext/162237794/driven_shield.o
 .debug_loc     0x00002e1a       0x45 build/default/production/_ext/1171490990/initialization.o
 .debug_loc     0x00002e5f       0x20 build/default/production/_ext/1171490990/startup_xc32.o
 .debug_loc     0x00002e7f       0x20 build/default/production/_ext/1360937237/main.o
 .debug_loc     0x00002e9f       0x14 c:/program files/microchip/xc32/v4.21/bin/bin/../../lib/gcc/pic32c/8.3.1/../../../../pic32c/lib/thumb/v6-m/nofp\libpic32c.a(data_init_wrapper.o)
 .debug_loc     0x00002eb3       0x14 c:/program files/microchip/xc32/v4.21/bin/bin/../../lib/gcc/pic32c/8.3.1/../../../../pic32c/lib/thumb/v6-m/nofp\libpic32c.a(data_init_0_1.o)
 .debug_loc     0x00002ec7       0x5e c:/program files/microchip/xc32/v4.21/bin/bin/../../lib/gcc/pic32c/8.3.1/../../../../pic32c/lib/thumb/v6-m/nofp\libc-musl.a(__libc_start_main.o)
 .debug_loc     0x00002f25       0x80 c:/program files/microchip/xc32/v4.21/bin/bin/../../lib/gcc/pic32c/8.3.1/../../../../pic32c/lib/thumb/v6-m/nofp\libc-musl.a(memset.o)

.debug_aranges  0x00000000      0x748
 .debug_aranges
                0x00000000       0x20 build/default/production/_ext/1984496892/plib_clock.o
 .debug_aranges
                0x00000020       0x98 build/default/production/_ext/1865161661/plib_dmac.o
 .debug_aranges
                0x000000b8       0x40 build/default/production/_ext/1986646378/plib_evsys.o
 .debug_aranges
                0x000000f8       0x38 build/default/production/_ext/1865468468/plib_nvic.o
 .debug_aranges
                0x00000130       0xa0 build/default/production/_ext/1593096446/plib_nvmctrl.o
 .debug_aranges
                0x000001d0       0x70 build/default/production/_ext/1865521619/plib_port.o
 .debug_aranges
                0x00000240       0x88 build/default/production/_ext/60180175/plib_rtc_timer.o
 .debug_aranges
                0x000002c8       0xb8 build/default/production/_ext/504274921/plib_sercom4_usart.o
 .debug_aranges
                0x00000380       0x70 build/default/production/_ext/829342655/plib_tc4.o
 .debug_aranges
                0x000003f0       0x68 build/default/production/_ext/1662611032/kronocommuart_sam.o
 .debug_aranges
                0x00000458       0x50 build/default/production/_ext/1662611032/kronocommadaptor.o
 .debug_aranges
                0x000004a8       0xa8 build/default/production/_ext/162237794/touch.o
 .debug_aranges
                0x00000550       0x30 build/default/production/_ext/162237794/driven_shield.o
 .debug_aranges
                0x00000580       0x20 build/default/production/_ext/1171490990/initialization.o
 .debug_aranges
                0x000005a0       0x20 build/default/production/_ext/1171490990/interrupts.o
 .debug_aranges
                0x000005c0       0x28 build/default/production/_ext/1171490990/exceptions.o
 .debug_aranges
                0x000005e8       0x28 build/default/production/_ext/1171490990/startup_xc32.o
 .debug_aranges
                0x00000610       0x20 build/default/production/_ext/1360937237/main.o
 .debug_aranges
                0x00000630       0x20 c:/program files/microchip/xc32/v4.21/bin/bin/../../lib/gcc/pic32c/8.3.1/../../../../pic32c/lib/thumb/v6-m/nofp\libpic32c.a(data_init_wrapper.o)
 .debug_aranges
                0x00000650       0x20 c:/program files/microchip/xc32/v4.21/bin/bin/../../lib/gcc/pic32c/8.3.1/../../../../pic32c/lib/thumb/v6-m/nofp\libpic32c.a(data_init_0_1.o)
 .debug_aranges
                0x00000670       0x28 c:/program files/microchip/xc32/v4.21/bin/bin/../../lib/gcc/pic32c/8.3.1/../../../../pic32c/lib/thumb/v6-m/nofp\libc-musl.a(__libc_start_main.o)
 .debug_aranges
                0x00000698       0x18 c:/program files/microchip/xc32/v4.21/bin/bin/../../lib/gcc/pic32c/8.3.1/../../../../pic32c/lib/thumb/v6-m/nofp\libc-musl.a(libc.o)
 .debug_aranges
                0x000006b0       0x20 c:/program files/microchip/xc32/v4.21/bin/bin/../../lib/gcc/pic32c/8.3.1/../../../../pic32c/lib/thumb/v6-m/nofp\libc-musl.a(memset.o)
 .debug_aranges
                0x000006d0       0x18 c:/program files/microchip/xc32/v4.21/bin/bin/../../lib/gcc/pic32c/8.3.1/../../../../pic32c/lib/thumb/v6-m/nofp\libc-musl.a(__environ.o)
 .debug_aranges
                0x000006e8       0x20 c:/program files/microchip/xc32/v4.21/bin/bin/../../lib/gcc/pic32c/8.3.1/thumb/v6-m/nofp\libgcc.a(_thumb1_case_uhi.o)
 .debug_aranges
                0x00000708       0x20 c:/program files/microchip/xc32/v4.21/bin/bin/../../lib/gcc/pic32c/8.3.1/thumb/v6-m/nofp\libgcc.a(_udivsi3.o)
 .debug_aranges
                0x00000728       0x20 c:/program files/microchip/xc32/v4.21/bin/bin/../../lib/gcc/pic32c/8.3.1/thumb/v6-m/nofp\libgcc.a(_dvmd_tls.o)

.debug_ranges   0x00000000      0x5d0
 .debug_ranges  0x00000000       0x10 build/default/production/_ext/1984496892/plib_clock.o
 .debug_ranges  0x00000010       0xa0 build/default/production/_ext/1865161661/plib_dmac.o
 .debug_ranges  0x000000b0       0x30 build/default/production/_ext/1986646378/plib_evsys.o
 .debug_ranges  0x000000e0       0x28 build/default/production/_ext/1865468468/plib_nvic.o
 .debug_ranges  0x00000108       0x90 build/default/production/_ext/1593096446/plib_nvmctrl.o
 .debug_ranges  0x00000198       0x60 build/default/production/_ext/1865521619/plib_port.o
 .debug_ranges  0x000001f8       0x78 build/default/production/_ext/60180175/plib_rtc_timer.o
 .debug_ranges  0x00000270       0xd8 build/default/production/_ext/504274921/plib_sercom4_usart.o
 .debug_ranges  0x00000348       0x60 build/default/production/_ext/829342655/plib_tc4.o
 .debug_ranges  0x000003a8       0x58 build/default/production/_ext/1662611032/kronocommuart_sam.o
 .debug_ranges  0x00000400       0x58 build/default/production/_ext/1662611032/kronocommadaptor.o
 .debug_ranges  0x00000458       0x98 build/default/production/_ext/162237794/touch.o
 .debug_ranges  0x000004f0       0x20 build/default/production/_ext/162237794/driven_shield.o
 .debug_ranges  0x00000510       0x10 build/default/production/_ext/1171490990/initialization.o
 .debug_ranges  0x00000520       0x10 build/default/production/_ext/1171490990/interrupts.o
 .debug_ranges  0x00000530       0x18 build/default/production/_ext/1171490990/exceptions.o
 .debug_ranges  0x00000548       0x18 build/default/production/_ext/1171490990/startup_xc32.o
 .debug_ranges  0x00000560       0x10 build/default/production/_ext/1360937237/main.o
 .debug_ranges  0x00000570       0x10 c:/program files/microchip/xc32/v4.21/bin/bin/../../lib/gcc/pic32c/8.3.1/../../../../pic32c/lib/thumb/v6-m/nofp\libpic32c.a(data_init_wrapper.o)
 .debug_ranges  0x00000580       0x10 c:/program files/microchip/xc32/v4.21/bin/bin/../../lib/gcc/pic32c/8.3.1/../../../../pic32c/lib/thumb/v6-m/nofp\libpic32c.a(data_init_0_1.o)
 .debug_ranges  0x00000590       0x30 c:/program files/microchip/xc32/v4.21/bin/bin/../../lib/gcc/pic32c/8.3.1/../../../../pic32c/lib/thumb/v6-m/nofp\libc-musl.a(__libc_start_main.o)
 .debug_ranges  0x000005c0       0x10 c:/program files/microchip/xc32/v4.21/bin/bin/../../lib/gcc/pic32c/8.3.1/../../../../pic32c/lib/thumb/v6-m/nofp\libc-musl.a(memset.o)

.debug_line     0x00000000     0x495b
 .debug_line    0x00000000      0x273 build/default/production/_ext/1984496892/plib_clock.o
 .debug_line    0x00000273      0x6bc build/default/production/_ext/1865161661/plib_dmac.o
 .debug_line    0x0000092f      0x1b1 build/default/production/_ext/1986646378/plib_evsys.o
 .debug_line    0x00000ae0      0x36b build/default/production/_ext/1865468468/plib_nvic.o
 .debug_line    0x00000e4b      0x44e build/default/production/_ext/1593096446/plib_nvmctrl.o
 .debug_line    0x00001299      0x30a build/default/production/_ext/1865521619/plib_port.o
 .debug_line    0x000015a3      0x392 build/default/production/_ext/60180175/plib_rtc_timer.o
 .debug_line    0x00001935      0x8e2 build/default/production/_ext/504274921/plib_sercom4_usart.o
 .debug_line    0x00002217      0x33c build/default/production/_ext/829342655/plib_tc4.o
 .debug_line    0x00002553      0x5e7 build/default/production/_ext/1662611032/kronocommuart_sam.o
 .debug_line    0x00002b3a      0x6b0 build/default/production/_ext/1662611032/kronocommadaptor.o
 .debug_line    0x000031ea      0x619 build/default/production/_ext/162237794/touch.o
 .debug_line    0x00003803      0x2ff build/default/production/_ext/162237794/driven_shield.o
 .debug_line    0x00003b02      0x31c build/default/production/_ext/1171490990/initialization.o
 .debug_line    0x00003e1e       0xba build/default/production/_ext/1171490990/interrupts.o
 .debug_line    0x00003ed8       0x6e build/default/production/_ext/1171490990/exceptions.o
 .debug_line    0x00003f46      0x157 build/default/production/_ext/1171490990/startup_xc32.o
 .debug_line    0x0000409d       0x9f build/default/production/_ext/1360937237/main.o
 .debug_line    0x0000413c       0xac c:/program files/microchip/xc32/v4.21/bin/bin/../../lib/gcc/pic32c/8.3.1/../../../../pic32c/lib/thumb/v6-m/nofp\libpic32c.a(data_init_wrapper.o)
 .debug_line    0x000041e8      0x114 c:/program files/microchip/xc32/v4.21/bin/bin/../../lib/gcc/pic32c/8.3.1/../../../../pic32c/lib/thumb/v6-m/nofp\libpic32c.a(data_init_0_1.o)
 .debug_line    0x000042fc      0x1ca c:/program files/microchip/xc32/v4.21/bin/bin/../../lib/gcc/pic32c/8.3.1/../../../../pic32c/lib/thumb/v6-m/nofp\libc-musl.a(__libc_start_main.o)
 .debug_line    0x000044c6       0xbc c:/program files/microchip/xc32/v4.21/bin/bin/../../lib/gcc/pic32c/8.3.1/../../../../pic32c/lib/thumb/v6-m/nofp\libc-musl.a(libc.o)
 .debug_line    0x00004582       0xe8 c:/program files/microchip/xc32/v4.21/bin/bin/../../lib/gcc/pic32c/8.3.1/../../../../pic32c/lib/thumb/v6-m/nofp\libc-musl.a(memset.o)
 .debug_line    0x0000466a      0x109 c:/program files/microchip/xc32/v4.21/bin/bin/../../lib/gcc/pic32c/8.3.1/../../../../pic32c/lib/thumb/v6-m/nofp\libc-musl.a(__environ.o)
 .debug_line    0x00004773       0xa1 c:/program files/microchip/xc32/v4.21/bin/bin/../../lib/gcc/pic32c/8.3.1/thumb/v6-m/nofp\libgcc.a(_thumb1_case_uhi.o)
 .debug_line    0x00004814       0xaf c:/program files/microchip/xc32/v4.21/bin/bin/../../lib/gcc/pic32c/8.3.1/thumb/v6-m/nofp\libgcc.a(_udivsi3.o)
 .debug_line    0x000048c3       0x98 c:/program files/microchip/xc32/v4.21/bin/bin/../../lib/gcc/pic32c/8.3.1/thumb/v6-m/nofp\libgcc.a(_dvmd_tls.o)

.debug_str      0x00000000      0xc9a
 .debug_str     0x00000000       0x1e build/default/production/_ext/1984496892/plib_clock.o
 .debug_str     0x0000001e       0x43 build/default/production/_ext/1865161661/plib_dmac.o
 .debug_str     0x00000061       0x16 build/default/production/_ext/1986646378/plib_evsys.o
 .debug_str     0x00000077        0xa build/default/production/_ext/1865468468/plib_nvic.o
 .debug_str     0x00000081       0x16 build/default/production/_ext/1593096446/plib_nvmctrl.o
 .debug_str     0x00000097        0xb build/default/production/_ext/1865521619/plib_port.o
 .debug_str     0x000000a2       0xaa build/default/production/_ext/60180175/plib_rtc_timer.o
 .debug_str     0x0000014c      0x10e build/default/production/_ext/504274921/plib_sercom4_usart.o
 .debug_str     0x0000025a       0xbf build/default/production/_ext/829342655/plib_tc4.o
 .debug_str     0x00000319       0xc2 build/default/production/_ext/1662611032/kronocommuart_sam.o
 .debug_str     0x000003db       0x75 build/default/production/_ext/1662611032/kronocommadaptor.o
 .debug_str     0x00000450      0x36d build/default/production/_ext/162237794/touch.o
 .debug_str     0x000007bd      0x128 build/default/production/_ext/162237794/driven_shield.o
 .debug_str     0x000008e5       0xae build/default/production/_ext/1171490990/initialization.o
 .debug_str     0x00000993        0x0 build/default/production/_ext/1171490990/interrupts.o
 .debug_str     0x00000993        0x0 build/default/production/_ext/1171490990/exceptions.o
 .debug_str     0x00000993       0x2f build/default/production/_ext/1171490990/startup_xc32.o
 .debug_str     0x000009c2       0x1d build/default/production/_ext/1360937237/main.o
 .debug_str     0x000009df        0x0 c:/program files/microchip/xc32/v4.21/bin/bin/../../lib/gcc/pic32c/8.3.1/../../../../pic32c/lib/thumb/v6-m/nofp\libpic32c.a(data_init_wrapper.o)
 .debug_str     0x000009df        0x0 c:/program files/microchip/xc32/v4.21/bin/bin/../../lib/gcc/pic32c/8.3.1/../../../../pic32c/lib/thumb/v6-m/nofp\libpic32c.a(data_init_0_1.o)
 .debug_str     0x000009df        0x0 c:/program files/microchip/xc32/v4.21/bin/bin/../../lib/gcc/pic32c/8.3.1/../../../../pic32c/lib/thumb/v6-m/nofp\libc-musl.a(__libc_start_main.o)
 .debug_str     0x000009df        0x0 c:/program files/microchip/xc32/v4.21/bin/bin/../../lib/gcc/pic32c/8.3.1/../../../../pic32c/lib/thumb/v6-m/nofp\libc-musl.a(libc.o)
 .debug_str     0x000009df        0x0 c:/program files/microchip/xc32/v4.21/bin/bin/../../lib/gcc/pic32c/8.3.1/../../../../pic32c/lib/thumb/v6-m/nofp\libc-musl.a(memset.o)
 .debug_str     0x000009df        0x0 c:/program files/microchip/xc32/v4.21/bin/bin/../../lib/gcc/pic32c/8.3.1/../../../../pic32c/lib/thumb/v6-m/nofp\libc-musl.a(__environ.o)
 .debug_str     0x000009df       0xe9 c:/program files/microchip/xc32/v4.21/bin/bin/../../lib/gcc/pic32c/8.3.1/thumb/v6-m/nofp\libgcc.a(_thumb1_case_uhi.o)
 .debug_str     0x00000ac8       0xe9 c:/program files/microchip/xc32/v4.21/bin/bin/../../lib/gcc/pic32c/8.3.1/thumb/v6-m/nofp\libgcc.a(_udivsi3.o)
 .debug_str     0x00000bb1       0xe9 c:/program files/microchip/xc32/v4.21/bin/bin/../../lib/gcc/pic32c/8.3.1/thumb/v6-m/nofp\libgcc.a(_dvmd_tls.o)

.debug_frame    0x00000000      0xcbc
 .debug_frame   0x00000000       0x20 build/default/production/_ext/1984496892/plib_clock.o
 .debug_frame   0x00000020      0x17c build/default/production/_ext/1865161661/plib_dmac.o
 .debug_frame   0x0000019c       0x60 build/default/production/_ext/1986646378/plib_evsys.o
 .debug_frame   0x000001fc       0x5c build/default/production/_ext/1865468468/plib_nvic.o
 .debug_frame   0x00000258      0x148 build/default/production/_ext/1593096446/plib_nvmctrl.o
 .debug_frame   0x000003a0       0xcc build/default/production/_ext/1865521619/plib_port.o
 .debug_frame   0x0000046c       0xf8 build/default/production/_ext/60180175/plib_rtc_timer.o
 .debug_frame   0x00000564      0x18c build/default/production/_ext/504274921/plib_sercom4_usart.o
 .debug_frame   0x000006f0       0xc0 build/default/production/_ext/829342655/plib_tc4.o
 .debug_frame   0x000007b0      0x104 build/default/production/_ext/1662611032/kronocommuart_sam.o
 .debug_frame   0x000008b4       0x98 build/default/production/_ext/1662611032/kronocommadaptor.o
 .debug_frame   0x0000094c      0x16c build/default/production/_ext/162237794/touch.o
 .debug_frame   0x00000ab8       0x5c build/default/production/_ext/162237794/driven_shield.o
 .debug_frame   0x00000b14       0x28 build/default/production/_ext/1171490990/initialization.o
 .debug_frame   0x00000b3c       0x20 build/default/production/_ext/1171490990/interrupts.o
 .debug_frame   0x00000b5c       0x30 build/default/production/_ext/1171490990/exceptions.o
 .debug_frame   0x00000b8c       0x38 build/default/production/_ext/1171490990/startup_xc32.o
 .debug_frame   0x00000bc4       0x28 build/default/production/_ext/1360937237/main.o
 .debug_frame   0x00000bec       0x28 c:/program files/microchip/xc32/v4.21/bin/bin/../../lib/gcc/pic32c/8.3.1/../../../../pic32c/lib/thumb/v6-m/nofp\libpic32c.a(data_init_wrapper.o)
 .debug_frame   0x00000c14       0x30 c:/program files/microchip/xc32/v4.21/bin/bin/../../lib/gcc/pic32c/8.3.1/../../../../pic32c/lib/thumb/v6-m/nofp\libpic32c.a(data_init_0_1.o)
 .debug_frame   0x00000c44       0x38 c:/program files/microchip/xc32/v4.21/bin/bin/../../lib/gcc/pic32c/8.3.1/../../../../pic32c/lib/thumb/v6-m/nofp\libc-musl.a(__libc_start_main.o)
 .debug_frame   0x00000c7c       0x20 c:/program files/microchip/xc32/v4.21/bin/bin/../../lib/gcc/pic32c/8.3.1/../../../../pic32c/lib/thumb/v6-m/nofp\libc-musl.a(memset.o)
 .debug_frame   0x00000c9c       0x20 c:/program files/microchip/xc32/v4.21/bin/bin/../../lib/gcc/pic32c/8.3.1/thumb/v6-m/nofp\libgcc.a(_udivsi3.o)

.note.GNU-stack
                0x00000000        0x0
 .note.GNU-stack
                0x00000000        0x0 c:/program files/microchip/xc32/v4.21/bin/bin/../../lib/gcc/pic32c/8.3.1/../../../../pic32c/lib/thumb/v6-m/nofp\libc-musl.a(__libc_start_main.o)
 .note.GNU-stack
                0x00000000        0x0 c:/program files/microchip/xc32/v4.21/bin/bin/../../lib/gcc/pic32c/8.3.1/../../../../pic32c/lib/thumb/v6-m/nofp\libc-musl.a(libc.o)
 .note.GNU-stack
                0x00000000        0x0 c:/program files/microchip/xc32/v4.21/bin/bin/../../lib/gcc/pic32c/8.3.1/../../../../pic32c/lib/thumb/v6-m/nofp\libc-musl.a(memset.o)
 .note.GNU-stack
                0x00000000        0x0 c:/program files/microchip/xc32/v4.21/bin/bin/../../lib/gcc/pic32c/8.3.1/../../../../pic32c/lib/thumb/v6-m/nofp\libc-musl.a(__environ.o)

.stack          0x200006b8      0x100
 .stack         0x200006b8      0x100 stack

.bss.qtlib_key_data_set1%1
                0x20000014       0x78
 .bss.qtlib_key_data_set1
                0x20000014       0x78 build/default/production/_ext/162237794/touch.o
                0x20000014                qtlib_key_data_set1

.bss%2          0x2000008c       0x8e
 .bss           0x2000008c       0x50 c:/program files/microchip/xc32/v4.21/bin/bin/../../lib/gcc/pic32c/8.3.1/../../../../pic32c/lib/thumb/v6-m/nofp\libc-musl.a(libc.o)
                0x2000008c                __progname_full
                0x2000008c                program_invocation_name
                0x20000090                program_invocation_short_name
                0x20000090                __progname
                0x20000094                __sysinfo
                0x20000098                __hwcap
                0x2000009c                __libc
 .bss           0x200000dc       0x3e ..\src\config\default\touch\lib\qtm_surface_gestures_cm0p_0x0023.X.a(sam_surface_gestures_x_cm0p.o)

.bss.noise_filter_buffer%4
                0x2000011c       0x3c
 .bss.noise_filter_buffer
                0x2000011c       0x3c build/default/production/_ext/162237794/touch.o
                0x2000011c                noise_filter_buffer

.bss.ptc_qtlib_node_stat1%5
                0x20000158       0x3c
 .bss.ptc_qtlib_node_stat1
                0x20000158       0x3c build/default/production/_ext/162237794/touch.o
                0x20000158                ptc_qtlib_node_stat1

.bss.uart_runtime_data%6
                0x20000194       0x39
 .bss.uart_runtime_data
                0x20000194       0x39 build/default/production/_ext/1662611032/kronocommuart_sam.o
                0x20000194                uart_runtime_data

.bss.sercom4USARTObj%7
                0x200001d0       0x30
 .bss.sercom4USARTObj
                0x200001d0       0x30 build/default/production/_ext/504274921/plib_sercom4_usart.o

.bss%8          0x20000200       0x44
 .bss           0x20000200       0x28 ..\src\config\default\touch\lib\qtm_surface_cs_2t_cm0p_0x0025.X.a(sam_surface_cs_2t_x_cm0p.o)
 .bss           0x20000228       0x1c c:/program files/microchip/xc32/v4.21/bin/bin/../../lib/gcc/pic32c/8.3.1/thumb/v6-m/nofp/crtbegin.o

.bss.qtm_surface_contacts%10
                0x20000244       0x18
 .bss.qtm_surface_contacts
                0x20000244       0x18 build/default/production/_ext/162237794/touch.o
                0x20000244                qtm_surface_contacts

.bss.read_buffer%11
                0x2000025c       0x14
 .bss.read_buffer
                0x2000025c       0x14 build/default/production/_ext/1662611032/kronocommuart_sam.o
                0x2000025c                read_buffer

.bss.touchRaw%12
                0x20000270       0x14
 .bss.touchRaw  0x20000270       0x14 build/default/production/_ext/1662611032/kronocommadaptor.o

.bss.touchRef%13
                0x20000284       0x14
 .bss.touchRef  0x20000284       0x14 build/default/production/_ext/1662611032/kronocommadaptor.o

.bss.touch_acq_signals_raw%14
                0x20000298       0x14
 .bss.touch_acq_signals_raw
                0x20000298       0x14 build/default/production/_ext/162237794/touch.o
                0x20000298                touch_acq_signals_raw

.bss%15         0x200002ac       0x14
 .bss           0x200002ac       0x14 ..\src\config\default\touch\lib\qtm_acq_samc21_0x0020.X.a(sam_acq_x_samc21.o)
                0x200002ac                current_measure_channel

.bss.descriptor_section%16
                0x200002c0       0x10
 .bss.descriptor_section
                0x200002c0       0x10 build/default/production/_ext/1865161661/plib_dmac.o

.bss.dmacChannelObj%17
                0x200002d0       0x10
 .bss.dmacChannelObj
                0x200002d0       0x10 build/default/production/_ext/1865161661/plib_dmac.o

.bss.write_back_section%18
                0x200002e0       0x10
 .bss.write_back_section
                0x200002e0       0x10 build/default/production/_ext/1865161661/plib_dmac.o

.bss.rtcObj%19  0x200002f0        0xc
 .bss.rtcObj    0x200002f0        0xc build/default/production/_ext/60180175/plib_rtc_timer.o

.bss.touchDelta%20
                0x200002fc        0xa
 .bss.touchDelta
                0x200002fc        0xa build/default/production/_ext/1662611032/kronocommadaptor.o

.bss.qtlib_key_grp_data_set1%21
                0x20000308        0x8
 .bss.qtlib_key_grp_data_set1
                0x20000308        0x8 build/default/production/_ext/162237794/touch.o
                0x20000308                qtlib_key_grp_data_set1

.bss.uart_command_info%22
                0x20000310        0x6
 .bss.uart_command_info
                0x20000310        0x6 build/default/production/_ext/1662611032/kronocommuart_sam.o
                0x20000310                uart_command_info

.bss.touchRam%23
                0x20000318        0x6
 .bss.touchRam  0x20000318        0x6 build/default/production/_ext/1662611032/kronocommadaptor.o

.bss.usart_ptr%24
                0x20000320        0x4
 .bss.usart_ptr
                0x20000320        0x4 build/default/production/_ext/1662611032/kronocommuart_sam.o
                0x20000320                usart_ptr

.bss.rtc_context%25
                0x20000324        0x4
 .bss.rtc_context
                0x20000324        0x4 build/default/production/_ext/162237794/touch.o
                0x20000324                rtc_context

.bss.filter_level.6635%26
                0x20000328        0x4
 .bss.filter_level.6635
                0x20000328        0x4 build/default/production/_ext/162237794/driven_shield.o

.bss%27         0x2000032c        0x8
 .bss           0x2000032c        0x4 c:/program files/microchip/xc32/v4.21/bin/bin/../../lib/gcc/pic32c/8.3.1/../../../../pic32c/lib/thumb/v6-m/nofp\libpic32c.a(data_init_0_1.o)
 .bss           0x20000330        0x4 c:/program files/microchip/xc32/v4.21/bin/bin/../../lib/gcc/pic32c/8.3.1/../../../../pic32c/lib/thumb/v6-m/nofp\libc-musl.a(__environ.o)
                0x20000330                __environ
                0x20000330                environ
                0x20000330                ___environ
                0x20000330                _environ

.bss%29         0x2000011a        0x2
 .bss           0x2000011a        0x2 ..\src\config\default\touch\lib\qtm_touch_key_cm0p_0x0002.X.a(sam_touch_key_x_cm0p.o)
                0x2000011a                qtm_local_ms_timecount

.bss.qtm_drivenshield_config%30
                0x20000334        0x1
 .bss.qtm_drivenshield_config
                0x20000334        0x1 build/default/production/_ext/162237794/driven_shield.o
                0x20000334                qtm_drivenshield_config

.bss.qtm_surface_cs_data1%31
                0x20000338        0x1
 .bss.qtm_surface_cs_data1
                0x20000338        0x1 build/default/production/_ext/162237794/touch.o
                0x20000338                qtm_surface_cs_data1

.bss.qtm_gestures_2d_data%32
                0x2000033c        0x3
 .bss.qtm_gestures_2d_data
                0x2000033c        0x3 build/default/production/_ext/162237794/touch.o
                0x2000033c                qtm_gestures_2d_data

.bss.read_buf_read_ptr%33
                0x20000306        0x1
 .bss.read_buf_read_ptr
                0x20000306        0x1 build/default/production/_ext/1662611032/kronocommuart_sam.o
                0x20000306                read_buf_read_ptr

.bss.read_buf_write_ptr%34
                0x20000307        0x1
 .bss.read_buf_write_ptr
                0x20000307        0x1 build/default/production/_ext/1662611032/kronocommuart_sam.o
                0x20000307                read_buf_write_ptr

.bss.uart_new_data_available%35
                0x20000316        0x1
 .bss.uart_new_data_available
                0x20000316        0x1 build/default/production/_ext/1662611032/kronocommuart_sam.o
                0x20000316                uart_new_data_available

.bss.uart_tx_in_progress%36
                0x20000317        0x1
 .bss.uart_tx_in_progress
                0x20000317        0x1 build/default/production/_ext/1662611032/kronocommuart_sam.o
                0x20000317                uart_tx_in_progress

.bss.uart_tx_len%37
                0x2000031e        0x1
 .bss.uart_tx_len
                0x2000031e        0x1 build/default/production/_ext/1662611032/kronocommuart_sam.o
                0x2000031e                uart_tx_len

.bss.write_buf_read_ptr%38
                0x2000031f        0x1
 .bss.write_buf_read_ptr
                0x2000031f        0x1 build/default/production/_ext/1662611032/kronocommuart_sam.o
                0x2000031f                write_buf_read_ptr

.bss.write_buf_write_ptr%39
                0x200001cd        0x1
 .bss.write_buf_write_ptr
                0x200001cd        0x1 build/default/production/_ext/1662611032/kronocommuart_sam.o
                0x200001cd                write_buf_write_ptr

.bss.frameCount.6752%40
                0x200001ce        0x1
 .bss.frameCount.6752
                0x200001ce        0x1 build/default/production/_ext/1662611032/kronocommadaptor.o

.bss.initialized.6751%41
                0x200001cf        0x1
 .bss.initialized.6751
                0x200001cf        0x1 build/default/production/_ext/1662611032/kronocommadaptor.o

.bss.previousSurfaceStatus.6753%42
                0x20000335        0x1
 .bss.previousSurfaceStatus.6753
                0x20000335        0x1 build/default/production/_ext/1662611032/kronocommadaptor.o

.bss.writeback_req%43
                0x20000336        0x1
 .bss.writeback_req
                0x20000336        0x1 build/default/production/_ext/1662611032/kronocommadaptor.o

.bss.interrupt_cnt%44
                0x20000337        0x1
 .bss.interrupt_cnt
                0x20000337        0x1 build/default/production/_ext/162237794/touch.o
                0x20000337                interrupt_cnt

.bss.measurement_done_touch%45
                0x20000339        0x1
 .bss.measurement_done_touch
                0x20000339        0x1 build/default/production/_ext/162237794/touch.o
                0x20000339                measurement_done_touch

.bss.module_error_code%46
                0x2000033a        0x1
 .bss.module_error_code
                0x2000033a        0x1 build/default/production/_ext/162237794/touch.o
                0x2000033a                module_error_code

.bss.time_to_measure_touch_var%47
                0x2000033b        0x1
 .bss.time_to_measure_touch_var
                0x2000033b        0x1 build/default/production/_ext/162237794/touch.o
                0x2000033b                time_to_measure_touch_var

.bss.touch_gesture_time_cnt%48
                0x2000033f        0x1
 .bss.touch_gesture_time_cnt
                0x2000033f        0x1 build/default/production/_ext/162237794/touch.o
                0x2000033f                touch_gesture_time_cnt

.bss.touch_postprocess_request%49
                0x20000340        0x1
 .bss.touch_postprocess_request
                0x20000340        0x1 build/default/production/_ext/162237794/touch.o
                0x20000340                touch_postprocess_request

.data.ptc_seq_node_cfg1%50
                0x20000344       0x78
 .data.ptc_seq_node_cfg1
                0x20000344       0x78 build/default/production/_ext/162237794/touch.o
                0x20000344                ptc_seq_node_cfg1

.data.qtm_gestures_2d_config%51
                0x200003bc       0x28
 .data.qtm_gestures_2d_config
                0x200003bc       0x28 build/default/production/_ext/162237794/touch.o
                0x200003bc                qtm_gestures_2d_config

.data.qtlib_key_configs_set1%52
                0x200003e4       0x1e
 .data.qtlib_key_configs_set1
                0x200003e4       0x1e build/default/production/_ext/162237794/touch.o
                0x200003e4                qtlib_key_configs_set1

.data.qtlib_key_set1%53
                0x20000404       0x10
 .data.qtlib_key_set1
                0x20000404       0x10 build/default/production/_ext/162237794/touch.o
                0x20000404                qtlib_key_set1

.data.qtm_surface_cs_config1%54
                0x20000414       0x10
 .data.qtm_surface_cs_config1
                0x20000414       0x10 build/default/production/_ext/162237794/touch.o
                0x20000414                qtm_surface_cs_config1

.data.gestureCfgRam%55
                0x20000424        0xe
 .data.gestureCfgRam
                0x20000424        0xe build/default/production/_ext/1662611032/kronocommadaptor.o

.data.qtlib_acq_set1%56
                0x20000434        0xc
 .data.qtlib_acq_set1
                0x20000434        0xc build/default/production/_ext/162237794/touch.o
                0x20000434                qtlib_acq_set1

.data.qtm_freq_hop_config1%57
                0x20000440        0xc
 .data.qtm_freq_hop_config1
                0x20000440        0xc build/default/production/_ext/162237794/touch.o
                0x20000440                qtm_freq_hop_config1

.data.qtm_freq_hop_data1%58
                0x2000044c        0xc
 .data.qtm_freq_hop_data1
                0x2000044c        0xc build/default/production/_ext/162237794/touch.o
                0x2000044c                qtm_freq_hop_data1

.data.qtm_surface_cs_control1%59
                0x20000458        0xc
 .data.qtm_surface_cs_control1
                0x20000458        0xc build/default/production/_ext/162237794/touch.o
                0x20000458                qtm_surface_cs_control1

.data.cfgRam%60
                0x20000464        0xa
 .data.cfgRam   0x20000464        0xa build/default/production/_ext/1662611032/kronocommadaptor.o

.data.qtlib_key_grp_config_set1%61
                0x20000470        0xa
 .data.qtlib_key_grp_config_set1
                0x20000470        0xa build/default/production/_ext/162237794/touch.o
                0x20000470                qtlib_key_grp_config_set1

.data.coreRam%62
                0x2000047c        0x8
 .data.coreRam  0x2000047c        0x8 build/default/production/_ext/1662611032/kronocommadaptor.o

.data.qtm_freq_hop_control1%63
                0x20000484        0x8
 .data.qtm_freq_hop_control1
                0x20000484        0x8 build/default/production/_ext/162237794/touch.o
                0x20000484                qtm_freq_hop_control1

.data.qtm_gestures_2d_control1%64
                0x2000048c        0x8
 .data.qtm_gestures_2d_control1
                0x2000048c        0x8 build/default/production/_ext/162237794/touch.o
                0x2000048c                qtm_gestures_2d_control1

.data.ptc_qtlib_acq_gen1%65
                0x20000494        0x6
 .data.ptc_qtlib_acq_gen1
                0x20000494        0x6 build/default/production/_ext/162237794/touch.o
                0x20000494                ptc_qtlib_acq_gen1

.data.freq_hop_delay_selection%66
                0x2000049c        0x3
 .data.freq_hop_delay_selection
                0x2000049c        0x3 build/default/production/_ext/162237794/touch.o
                0x2000049c                freq_hop_delay_selection

.data%67        0x20000402        0x2
 .data          0x20000402        0x2 ..\src\config\default\touch\lib\qtm_surface_gestures_cm0p_0x0023.X.a(sam_surface_gestures_x_cm0p.o)

.data.uart_send_ges_data_flag%68
                0x20000432        0x1
 .data.uart_send_ges_data_flag
                0x20000432        0x1 build/default/production/_ext/1662611032/kronocommuart_sam.o
                0x20000432                uart_send_ges_data_flag

.data%69        0x20000433        0x1
 .data          0x20000433        0x1 ..\src\config\default\touch\lib\qtm_acq_samc21_0x0020.X.a(sam_acq_x_samc21.o)
                0x20000433                qtm_which_mode_current

.eh_frame%z1    0x00000000        0x0
 .eh_frame      0x00000000        0x0 c:/program files/microchip/xc32/v4.21/bin/bin/../../lib/gcc/pic32c/8.3.1/thumb/v6-m/nofp/crtbegin.o

.config_00804000.__config_00804000%70
                0x00804000        0x4
 .config_00804000.__config_00804000
                0x00804000        0x4 build/default/production/_ext/1171490990/initialization.o
                0x00804000                __config_00804000

.config_00804004.__config_00804004%71
                0x00804004        0x4
 .config_00804004.__config_00804004
                0x00804004        0x4 build/default/production/_ext/1171490990/initialization.o
                0x00804004                __config_00804004

.text.qtm_surface_cs2t_process%72
                0x000000dc      0x908
 .text.qtm_surface_cs2t_process
                0x000000dc      0x908 ..\src\config\default\touch\lib\qtm_surface_cs_2t_cm0p_0x0025.X.a(sam_surface_cs_2t_x_cm0p.o)
                0x000000dc                qtm_surface_cs2t_process

.text.qtm_gestures_2d_process%73
                0x000009e4      0x4f0
 .text.qtm_gestures_2d_process
                0x000009e4      0x4f0 ..\src\config\default\touch\lib\qtm_surface_gestures_cm0p_0x0023.X.a(sam_surface_gestures_x_cm0p.o)
                0x000009e4                qtm_gestures_2d_process

.dinit%74       0x00000ed4      0x4d0
 .dinit         0x00000ed4      0x4d0 data_init

.text.qtm_key_sensors_process%75
                0x000013a4      0x48c
 .text.qtm_key_sensors_process
                0x000013a4      0x48c ..\src\config\default\touch\lib\qtm_touch_key_cm0p_0x0002.X.a(sam_touch_key_x_cm0p.o)
                0x000013a4                qtm_key_sensors_process

.text.qtm_acquisition_process%76
                0x00001830      0x350
 .text.qtm_acquisition_process
                0x00001830      0x350 ..\src\config\default\touch\lib\qtm_acq_samc21_0x0020.X.a(sam_acq_x_samc21.o)
                0x00001830                qtm_acquisition_process

.text.Krono_UpdateBuffer%77
                0x00001b80      0x2d8
 .text.Krono_UpdateBuffer
                0x00001b80      0x2d8 build/default/production/_ext/1662611032/kronocommadaptor.o
                0x00001b80                Krono_UpdateBuffer

.text.appendEvent%78
                0x00001e58      0x274
 .text.appendEvent
                0x00001e58      0x274 ..\src\config\default\touch\lib\qtm_surface_gestures_cm0p_0x0023.X.a(sam_surface_gestures_x_cm0p.o)

.text.qtm_measure_node%79
                0x000020cc      0x19c
 .text.qtm_measure_node
                0x000020cc      0x19c ..\src\config\default\touch\lib\qtm_acq_samc21_0x0020.X.a(sam_acq_x_samc21.o)

.text.uart_process%80
                0x00002268      0x178
 .text.uart_process
                0x00002268      0x178 build/default/production/_ext/1662611032/kronocommuart_sam.o
                0x00002268                uart_process

.text.SERCOM4_USART_InterruptHandler%81
                0x000023e0      0x16c
 .text.SERCOM4_USART_InterruptHandler
                0x000023e0      0x16c build/default/production/_ext/504274921/plib_sercom4_usart.o
                0x000023e0                SERCOM4_USART_InterruptHandler

.text.qtm_ptc_init_acquisition_module%82
                0x0000254c      0x134
 .text.qtm_ptc_init_acquisition_module
                0x0000254c      0x134 ..\src\config\default\touch\lib\qtm_acq_samc21_0x0020.X.a(sam_acq_x_samc21.o)
                0x0000254c                qtm_ptc_init_acquisition_module

.text.qtm_freq_hop%83
                0x00002680      0x108
 .text.qtm_freq_hop
                0x00002680      0x108 ..\src\config\default\touch\lib\qtm_freq_hop_cm0p_0x0006.X.a(sam_freq_hop_x_cm0p.o)
                0x00002680                qtm_freq_hop

.rodata%84      0x00002788      0x100
 .rodata        0x00002788      0x100 ..\src\config\default\touch\lib\qtm_surface_gestures_cm0p_0x0023.X.a(sam_surface_gestures_x_cm0p.o)
                0x00002788                GESTURE_EVENTS
                0x00002878                stateTable

.text.CLOCK_Initialize%85
                0x00002888       0xec
 .text.CLOCK_Initialize
                0x00002888       0xec build/default/production/_ext/1984496892/plib_clock.o
                0x00002888                CLOCK_Initialize

.text.qtm_ptc_start_measurement_seq%86
                0x00002974       0xd4
 .text.qtm_ptc_start_measurement_seq
                0x00002974       0xd4 ..\src\config\default\touch\lib\qtm_acq_samc21_0x0020.X.a(sam_acq_x_samc21.o)
                0x00002974                qtm_ptc_start_measurement_seq

.text.touch_process%87
                0x00002a48       0xd0
 .text.touch_process
                0x00002a48       0xd0 build/default/production/_ext/162237794/touch.o
                0x00002a48                touch_process

.text.DMAC_ChannelTransfer%88
                0x00002b18       0xc8
 .text.DMAC_ChannelTransfer
                0x00002b18       0xc8 build/default/production/_ext/1865161661/plib_dmac.o
                0x00002b18                DMAC_ChannelTransfer

.text.get_interpolated_position.isra.2%89
                0x00002be0       0xc0
 .text.get_interpolated_position.isra.2
                0x00002be0       0xc0 ..\src\config\default\touch\lib\qtm_surface_cs_2t_cm0p_0x0025.X.a(sam_surface_cs_2t_x_cm0p.o)

.text.Krono_memory_map_read%90
                0x00002ca0       0xa8
 .text.Krono_memory_map_read
                0x00002ca0       0xa8 build/default/production/_ext/1662611032/kronocommadaptor.o
                0x00002ca0                Krono_memory_map_read

.text.qtm_samc21_ptc_handler_eoc%91
                0x00002d48       0xa4
 .text.qtm_samc21_ptc_handler_eoc
                0x00002d48       0xa4 ..\src\config\default\touch\lib\qtm_acq_samc21_0x0020.X.a(sam_acq_x_samc21.o)
                0x00002d48                qtm_samc21_ptc_handler_eoc

.text.uart_send_touch_gesture_data%92
                0x00002dec       0x98
 .text.uart_send_touch_gesture_data
                0x00002dec       0x98 build/default/production/_ext/1662611032/kronocommuart_sam.o
                0x00002dec                uart_send_touch_gesture_data

.text.uart_init_debug_data%93
                0x00002e84       0x90
 .text.uart_init_debug_data
                0x00002e84       0x90 build/default/production/_ext/1662611032/kronocommuart_sam.o
                0x00002e84                uart_init_debug_data

.text.check_for_twin_peaks.isra.1%94
                0x00002f14       0x8c
 .text.check_for_twin_peaks.isra.1
                0x00002f14       0x8c ..\src\config\default\touch\lib\qtm_surface_cs_2t_cm0p_0x0025.X.a(sam_surface_cs_2t_x_cm0p.o)

.text%95        0x00002fa0       0x8c
 .text          0x00002fa0       0x8c c:/program files/microchip/xc32/v4.21/bin/bin/../../lib/gcc/pic32c/8.3.1/thumb/v6-m/nofp\libgcc.a(_udivsi3.o)
                0x00002fa0                __aeabi_uidiv
                0x00002fa0                __udivsi3
                0x00003018                __aeabi_uidivmod

.text.charge_share_test%96
                0x0000302c       0x88
 .text.charge_share_test
                0x0000302c       0x88 ..\src\config\default\touch\lib\qtm_acq_samc21_0x0020.X.a(sam_acq_x_samc21.o)

.text.DMAC_InterruptHandler%97
                0x000030b4       0x7c
 .text.DMAC_InterruptHandler
                0x000030b4       0x7c build/default/production/_ext/1865161661/plib_dmac.o
                0x000030b4                DMAC_InterruptHandler

.text.check_for_aks_block%98
                0x00003130       0x7a
 .text.check_for_aks_block
                0x00003130       0x7a ..\src\config\default\touch\lib\qtm_touch_key_cm0p_0x0002.X.a(sam_touch_key_x_cm0p.o)

.text.SERCOM4_USART_Write%99
                0x000031ac       0x74
 .text.SERCOM4_USART_Write
                0x000031ac       0x74 build/default/production/_ext/504274921/plib_sercom4_usart.o
                0x000031ac                SERCOM4_USART_Write

.text.drivenshield_start%100
                0x00003220       0x74
 .text.drivenshield_start
                0x00003220       0x74 build/default/production/_ext/162237794/driven_shield.o
                0x00003220                drivenshield_start

.text.NVIC_Initialize%101
                0x00003294       0x70
 .text.NVIC_Initialize
                0x00003294       0x70 build/default/production/_ext/1865468468/plib_nvic.o
                0x00003294                NVIC_Initialize

.text.__pic32c_data_initialization_impl%102
                0x00003304       0x70
 .text.__pic32c_data_initialization_impl
                0x00003304       0x70 c:/program files/microchip/xc32/v4.21/bin/bin/../../lib/gcc/pic32c/8.3.1/../../../../pic32c/lib/thumb/v6-m/nofp\libpic32c.a(data_init_0_1.o)
                0x00003304                __copy_needed
                0x00003304                __pic32c_data_initialization_impl

.text.touch_init%103
                0x00003374       0x6c
 .text.touch_init
                0x00003374       0x6c build/default/production/_ext/162237794/touch.o
                0x00003374                touch_init

.text.DMAC_Initialize%104
                0x000033e0       0x60
 .text.DMAC_Initialize
                0x000033e0       0x60 build/default/production/_ext/1865161661/plib_dmac.o
                0x000033e0                DMAC_Initialize

.text.qtm_load_group_config.isra.1%105
                0x00003440       0x60
 .text.qtm_load_group_config.isra.1
                0x00003440       0x60 ..\src\config\default\touch\lib\qtm_acq_samc21_0x0020.X.a(sam_acq_x_samc21.o)

.text.touch_timer_handler%106
                0x000034a0       0x5c
 .text.touch_timer_handler
                0x000034a0       0x5c build/default/production/_ext/162237794/touch.o
                0x000034a0                touch_timer_handler

.text.divide%107
                0x000034fc       0x5c
 .text.divide   0x000034fc       0x5c ..\src\config\default\touch\lib\qtm_surface_cs_2t_cm0p_0x0025.X.a(sam_surface_cs_2t_x_cm0p.o)

.text.get_axis_contact_size%108
                0x00003558       0x5c
 .text.get_axis_contact_size
                0x00003558       0x5c ..\src\config\default\touch\lib\qtm_surface_cs_2t_cm0p_0x0025.X.a(sam_surface_cs_2t_x_cm0p.o)

.text.deadband_and_scale%109
                0x000035b4       0x5c
 .text.deadband_and_scale
                0x000035b4       0x5c ..\src\config\default\touch\lib\qtm_surface_cs_2t_cm0p_0x0025.X.a(sam_surface_cs_2t_x_cm0p.o)
                0x000035b4                deadband_and_scale

.text.__libc_start_init%110
                0x00003610       0x5c
 .text.__libc_start_init
                0x00003610       0x5c c:/program files/microchip/xc32/v4.21/bin/bin/../../lib/gcc/pic32c/8.3.1/../../../../pic32c/lib/thumb/v6-m/nofp\libc-musl.a(__libc_start_main.o)
                0x00003610                __libc_init_array

.text.PORT_Initialize%111
                0x0000366c       0x5a
 .text.PORT_Initialize
                0x0000366c       0x5a build/default/production/_ext/1865521619/plib_port.o
                0x0000366c                PORT_Initialize

.text.SERCOM4_USART_Initialize%112
                0x000036c8       0x58
 .text.SERCOM4_USART_Initialize
                0x000036c8       0x58 build/default/production/_ext/504274921/plib_sercom4_usart.o
                0x000036c8                SERCOM4_USART_Initialize

.text.median_filter_update%113
                0x00003720       0x54
 .text.median_filter_update
                0x00003720       0x54 ..\src\config\default\touch\lib\qtm_surface_cs_2t_cm0p_0x0025.X.a(sam_surface_cs_2t_x_cm0p.o)

.text.drivenshield_configure%114
                0x00003774       0x50
 .text.drivenshield_configure
                0x00003774       0x50 build/default/production/_ext/162237794/driven_shield.o
                0x00003774                drivenshield_configure

.text.qtm_calibrate_sensor_node%115
                0x000037c4       0x50
 .text.qtm_calibrate_sensor_node
                0x000037c4       0x50 ..\src\config\default\touch\lib\qtm_acq_samc21_0x0020.X.a(sam_acq_x_samc21.o)
                0x000037c4                qtm_calibrate_sensor_node

.text.Krono_memory_map_write%116
                0x00003814       0x4c
 .text.Krono_memory_map_write
                0x00003814       0x4c build/default/production/_ext/1662611032/kronocommadaptor.o
                0x00003814                Krono_memory_map_write

.text%117       0x00003860       0x48
 .text          0x00003860       0x48 c:/program files/microchip/xc32/v4.21/bin/bin/../../lib/gcc/pic32c/8.3.1/thumb/v6-m/nofp/crtbegin.o

.text.krono_tx_complete_callback%118
                0x000038a8       0x48
 .text.krono_tx_complete_callback
                0x000038a8       0x48 build/default/production/_ext/1662611032/kronocommuart_sam.o
                0x000038a8                krono_tx_complete_callback

.text.Reset_Handler%119
                0x000038f0       0x48
 .text.Reset_Handler
                0x000038f0       0x48 build/default/production/_ext/1171490990/startup_xc32.o
                0x000038f0                Reset_Handler

.text.SERCOM4_USART_Read%120
                0x00003938       0x44
 .text.SERCOM4_USART_Read
                0x00003938       0x44 build/default/production/_ext/504274921/plib_sercom4_usart.o
                0x00003938                SERCOM4_USART_Read

.text.uart_send_header%121
                0x0000397c       0x44
 .text.uart_send_header
                0x0000397c       0x44 build/default/production/_ext/1662611032/kronocommuart_sam.o
                0x0000397c                uart_send_header

.text.filter_position_iir%122
                0x000039c0       0x42
 .text.filter_position_iir
                0x000039c0       0x42 ..\src\config\default\touch\lib\qtm_surface_cs_2t_cm0p_0x0025.X.a(sam_surface_cs_2t_x_cm0p.o)

.text.select_next_channel_to_measure%123
                0x00003a04       0x40
 .text.select_next_channel_to_measure
                0x00003a04       0x40 ..\src\config\default\touch\lib\qtm_acq_samc21_0x0020.X.a(sam_acq_x_samc21.o)

.text.getSwipeDirection%124
                0x00003a44       0x3c
 .text.getSwipeDirection
                0x00003a44       0x3c ..\src\config\default\touch\lib\qtm_surface_gestures_cm0p_0x0023.X.a(sam_surface_gestures_x_cm0p.o)

.text.TC4_CompareInitialize%125
                0x00003a80       0x38
 .text.TC4_CompareInitialize
                0x00003a80       0x38 build/default/production/_ext/829342655/plib_tc4.o
                0x00003a80                TC4_CompareInitialize

.text.touch_timer_config%126
                0x00003ab8       0x38
 .text.touch_timer_config
                0x00003ab8       0x38 build/default/production/_ext/162237794/touch.o
                0x00003ab8                touch_timer_config

.text.SYS_Initialize%127
                0x00003af0       0x38
 .text.SYS_Initialize
                0x00003af0       0x38 build/default/production/_ext/1171490990/initialization.o
                0x00003af0                SYS_Initialize

.text.RTC_Initialize%128
                0x00003b28       0x34
 .text.RTC_Initialize
                0x00003b28       0x34 build/default/production/_ext/60180175/plib_rtc_timer.o
                0x00003b28                RTC_Initialize

.text.krono_rx_complete_callback%129
                0x00003b5c       0x34
 .text.krono_rx_complete_callback
                0x00003b5c       0x34 build/default/production/_ext/1662611032/kronocommuart_sam.o
                0x00003b5c                krono_rx_complete_callback

.rodata%130     0x00003b90       0x2e
 .rodata        0x00003b90       0x2e ..\src\config\default\touch\lib\qtm_acq_samc21_0x0020.X.a(sam_acq_x_samc21.o)

.text.RTC_InterruptHandler%131
                0x00003bc0       0x2c
 .text.RTC_InterruptHandler
                0x00003bc0       0x2c build/default/production/_ext/60180175/plib_rtc_timer.o
                0x00003bc0                RTC_InterruptHandler

.text.SERCOM4_USART_ErrorClear%132
                0x00003bec       0x2c
 .text.SERCOM4_USART_ErrorClear
                0x00003bec       0x2c build/default/production/_ext/504274921/plib_sercom4_usart.o

.text.uart_send_data%133
                0x00003c18       0x2c
 .text.uart_send_data
                0x00003c18       0x2c build/default/production/_ext/1662611032/kronocommuart_sam.o
                0x00003c18                uart_send_data

.text.qtm_init_surface_cs2t%134
                0x00003c44       0x2a
 .text.qtm_init_surface_cs2t
                0x00003c44       0x2a ..\src\config\default\touch\lib\qtm_surface_cs_2t_cm0p_0x0025.X.a(sam_surface_cs_2t_x_cm0p.o)
                0x00003c44                qtm_init_surface_cs2t

.text.EVSYS_Initialize%135
                0x00003c70       0x28
 .text.EVSYS_Initialize
                0x00003c70       0x28 build/default/production/_ext/1986646378/plib_evsys.o
                0x00003c70                EVSYS_Initialize

.text.uart_get_char%136
                0x00003c98       0x28
 .text.uart_get_char
                0x00003c98       0x28 build/default/production/_ext/1662611032/kronocommuart_sam.o
                0x00003c98                uart_get_char

.text.uart_send_data_wait%137
                0x00003cc0       0x28
 .text.uart_send_data_wait
                0x00003cc0       0x28 build/default/production/_ext/1662611032/kronocommuart_sam.o
                0x00003cc0                uart_send_data_wait

.text.PTC_Handler%138
                0x00003ce8       0x28
 .text.PTC_Handler
                0x00003ce8       0x28 build/default/production/_ext/162237794/touch.o
                0x00003ce8                PTC_Handler

.text.uart_min_num_bytes_received%139
                0x00003d10       0x24
 .text.uart_min_num_bytes_received
                0x00003d10       0x24 build/default/production/_ext/1662611032/kronocommuart_sam.o
                0x00003d10                uart_min_num_bytes_received

.text.qtm_ptc_clear_interrupt%140
                0x00003d34       0x24
 .text.qtm_ptc_clear_interrupt
                0x00003d34       0x24 ..\src\config\default\touch\lib\qtm_acq_samc21_0x0020.X.a(sam_acq_x_samc21.o)
                0x00003d34                qtm_ptc_clear_interrupt

.text.qtm_init_gestures_2d%141
                0x00003d58       0x24
 .text.qtm_init_gestures_2d
                0x00003d58       0x24 ..\src\config\default\touch\lib\qtm_surface_gestures_cm0p_0x0023.X.a(sam_surface_gestures_x_cm0p.o)
                0x00003d58                qtm_init_gestures_2d

.text.qtm_enable_sensor_node%142
                0x00003d7c       0x20
 .text.qtm_enable_sensor_node
                0x00003d7c       0x20 ..\src\config\default\touch\lib\qtm_acq_samc21_0x0020.X.a(sam_acq_x_samc21.o)
                0x00003d7c                qtm_enable_sensor_node

.text.qtm_init_sensor_key%143
                0x00003d9c       0x1e
 .text.qtm_init_sensor_key
                0x00003d9c       0x1e ..\src\config\default\touch\lib\qtm_touch_key_cm0p_0x0002.X.a(sam_touch_key_x_cm0p.o)
                0x00003d9c                qtm_init_sensor_key

.text.RTC_Timer32Start%144
                0x00003dbc       0x1c
 .text.RTC_Timer32Start
                0x00003dbc       0x1c build/default/production/_ext/60180175/plib_rtc_timer.o
                0x00003dbc                RTC_Timer32Start

.text.RTC_Timer32Stop%145
                0x00003dd8       0x1c
 .text.RTC_Timer32Stop
                0x00003dd8       0x1c build/default/production/_ext/60180175/plib_rtc_timer.o
                0x00003dd8                RTC_Timer32Stop

.text.TC4_CompareStart%146
                0x00003df4       0x1c
 .text.TC4_CompareStart
                0x00003df4       0x1c build/default/production/_ext/829342655/plib_tc4.o
                0x00003df4                TC4_CompareStart

.text.TC4_CompareStop%147
                0x00003e10       0x1c
 .text.TC4_CompareStop
                0x00003e10       0x1c build/default/production/_ext/829342655/plib_tc4.o
                0x00003e10                TC4_CompareStop

.text.sync_config%148
                0x00003e2c       0x18
 .text.sync_config
                0x00003e2c       0x18 ..\src\config\default\touch\lib\qtm_acq_samc21_0x0020.X.a(sam_acq_x_samc21.o)

.text.get_key_delta%149
                0x00003e44       0x18
 .text.get_key_delta
                0x00003e44       0x18 ..\src\config\default\touch\lib\qtm_surface_cs_2t_cm0p_0x0025.X.a(sam_surface_cs_2t_x_cm0p.o)

.text.RTC_Timer32CounterSet%150
                0x00003e5c       0x14
 .text.RTC_Timer32CounterSet
                0x00003e5c       0x14 build/default/production/_ext/60180175/plib_rtc_timer.o
                0x00003e5c                RTC_Timer32CounterSet

.text.RTC_Timer32CompareSet%151
                0x00003e70       0x14
 .text.RTC_Timer32CompareSet
                0x00003e70       0x14 build/default/production/_ext/60180175/plib_rtc_timer.o
                0x00003e70                RTC_Timer32CompareSet

.text.qtm_drivenshield_setup%152
                0x00003e84       0x14
 .text.qtm_drivenshield_setup
                0x00003e84       0x14 ..\src\config\default\touch\lib\qtm_acq_samc21_0x0020.X.a(sam_acq_x_samc21.o)
                0x00003e84                qtm_drivenshield_setup

.text.qtm_drivenshield_register_start_callback%153
                0x00003e98       0x14
 .text.qtm_drivenshield_register_start_callback
                0x00003e98       0x14 ..\src\config\default\touch\lib\qtm_acq_samc21_0x0020.X.a(sam_acq_x_samc21.o)
                0x00003e98                qtm_drivenshield_register_start_callback

.text.qtm_ptc_qtlib_assign_signal_memory%154
                0x00003eac       0x14
 .text.qtm_ptc_qtlib_assign_signal_memory
                0x00003eac       0x14 ..\src\config\default\touch\lib\qtm_acq_samc21_0x0020.X.a(sam_acq_x_samc21.o)
                0x00003eac                qtm_ptc_qtlib_assign_signal_memory

.text.Gestures_QueryStatus%155
                0x00003ec0       0x14
 .text.Gestures_QueryStatus
                0x00003ec0       0x14 ..\src\config\default\touch\lib\qtm_surface_gestures_cm0p_0x0023.X.a(sam_surface_gestures_x_cm0p.o)
                0x00003ec0                Gestures_QueryStatus

.text.qtm_gestures_2d_clearGesture%156
                0x00003ed4       0x14
 .text.qtm_gestures_2d_clearGesture
                0x00003ed4       0x14 ..\src\config\default\touch\lib\qtm_surface_gestures_cm0p_0x0023.X.a(sam_surface_gestures_x_cm0p.o)
                0x00003ed4                qtm_gestures_2d_clearGesture

.text.qtm_update_gesture_2d_timer%157
                0x00003ee8       0x14
 .text.qtm_update_gesture_2d_timer
                0x00003ee8       0x14 ..\src\config\default\touch\lib\qtm_surface_gestures_cm0p_0x0023.X.a(sam_surface_gestures_x_cm0p.o)
                0x00003ee8                qtm_update_gesture_2d_timer

.text%158       0x00003efc       0x14
 .text          0x00003efc       0x14 c:/program files/microchip/xc32/v4.21/bin/bin/../../lib/gcc/pic32c/8.3.1/thumb/v6-m/nofp\libgcc.a(_thumb1_case_uhi.o)
                0x00003efc                __gnu_thumb1_case_uhi

.text.qtm_update_qtlib_timer%159
                0x00003f10       0x10
 .text.qtm_update_qtlib_timer
                0x00003f10       0x10 ..\src\config\default\touch\lib\qtm_touch_key_cm0p_0x0002.X.a(sam_touch_key_x_cm0p.o)
                0x00003f10                qtm_update_qtlib_timer

.text.memset%160
                0x00003f20       0x10
 .text.memset   0x00003f20       0x10 c:/program files/microchip/xc32/v4.21/bin/bin/../../lib/gcc/pic32c/8.3.1/../../../../pic32c/lib/thumb/v6-m/nofp\libc-musl.a(memset.o)
                0x00003f20                memset

.text.main%161  0x00003f30        0xe
 .text.main     0x00003f30        0xe build/default/production/_ext/1360937237/main.o
                0x00003f30                main

.text.NVMCTRL_Initialize%162
                0x00003f40        0xc
 .text.NVMCTRL_Initialize
                0x00003f40        0xc build/default/production/_ext/1593096446/plib_nvmctrl.o
                0x00003f40                NVMCTRL_Initialize

.text.RTC_Timer32CallbackRegister%163
                0x00003f4c        0xc
 .text.RTC_Timer32CallbackRegister
                0x00003f4c        0xc build/default/production/_ext/60180175/plib_rtc_timer.o
                0x00003f4c                RTC_Timer32CallbackRegister

.text.SERCOM4_USART_WriteCallbackRegister%164
                0x00003f58        0xc
 .text.SERCOM4_USART_WriteCallbackRegister
                0x00003f58        0xc build/default/production/_ext/504274921/plib_sercom4_usart.o
                0x00003f58                SERCOM4_USART_WriteCallbackRegister

.text.SERCOM4_USART_ReadCallbackRegister%165
                0x00003f64        0xc
 .text.SERCOM4_USART_ReadCallbackRegister
                0x00003f64        0xc build/default/production/_ext/504274921/plib_sercom4_usart.o
                0x00003f64                SERCOM4_USART_ReadCallbackRegister

.text.qtm_measure_complete_callback%166
                0x00003f70        0xc
 .text.qtm_measure_complete_callback
                0x00003f70        0xc build/default/production/_ext/162237794/touch.o

.text.rtc_cb%167
                0x00003f7c        0x8
 .text.rtc_cb   0x00003f7c        0x8 build/default/production/_ext/162237794/touch.o
                0x00003f7c                rtc_cb

.text.drivenshield_stop%168
                0x00003f84        0x8
 .text.drivenshield_stop
                0x00003f84        0x8 build/default/production/_ext/162237794/driven_shield.o
                0x00003f84                drivenshield_stop

.text.__pic32c_data_initialization%169
                0x00003f8c        0x8
 .text.__pic32c_data_initialization
                0x00003f8c        0x8 c:/program files/microchip/xc32/v4.21/bin/bin/../../lib/gcc/pic32c/8.3.1/../../../../pic32c/lib/thumb/v6-m/nofp\libpic32c.a(data_init_wrapper.o)
                0x00003f8c                __pic32c_data_initialization

.text%170       0x00003f94        0x4
 .text          0x00003f94        0x4 c:/program files/microchip/xc32/v4.21/bin/bin/../../lib/gcc/pic32c/8.3.1/thumb/v6-m/nofp\libgcc.a(_dvmd_tls.o)
                0x00003f94                __aeabi_idiv0
                0x00003f94                __aeabi_ldiv0

.text.Dummy_Handler%171
                0x000031aa        0x2
 .text.Dummy_Handler
                0x000031aa        0x2 build/default/production/_ext/1171490990/interrupts.o
                0x000031aa                SVCall_Handler
                0x000031aa                TC2_Handler
                0x000031aa                AC_Handler
                0x000031aa                SysTick_Handler
                0x000031aa                PendSV_Handler
                0x000031aa                SERCOM1_Handler
                0x000031aa                TCC1_Handler
                0x000031aa                SERCOM2_Handler
                0x000031aa                TCC0_Handler
                0x000031aa                ADC1_Handler
                0x000031aa                EIC_Handler
                0x000031aa                WDT_Handler
                0x000031aa                CAN0_Handler
                0x000031aa                TC4_Handler
                0x000031aa                TC1_Handler
                0x000031aa                TC3_Handler
                0x000031aa                SDADC_Handler
                0x000031aa                Dummy_Handler
                0x000031aa                SERCOM5_Handler
                0x000031aa                CAN1_Handler
                0x000031aa                ADC0_Handler
                0x000031aa                TSENS_Handler
                0x000031aa                TCC2_Handler
                0x000031aa                EVSYS_Handler
                0x000031aa                SERCOM3_Handler
                0x000031aa                NVMCTRL_Handler
                0x000031aa                SYSTEM_Handler
                0x000031aa                SERCOM0_Handler
                0x000031aa                DAC_Handler
                0x000031aa                FREQM_Handler
                0x000031aa                TC0_Handler

.text.NonMaskableInt_Handler%172
                0x000036c6        0x2
 .text.NonMaskableInt_Handler
                0x000036c6        0x2 build/default/production/_ext/1171490990/exceptions.o
                0x000036c6                NonMaskableInt_Handler

.text.HardFault_Handler%173
                0x00003a02        0x2
 .text.HardFault_Handler
                0x00003a02        0x2 build/default/production/_ext/1171490990/exceptions.o
                0x00003a02                HardFault_Handler

.text.Dummy_App_Func%174
                0x00003bbe        0x2
 .text.Dummy_App_Func
                0x00003bbe        0x2 build/default/production/_ext/1171490990/startup_xc32.o
                0x00003bbe                _on_reset
                0x00003bbe                _on_bootstrap
                0x00003bbe                __xc32_on_reset
                0x00003bbe                Dummy_App_Func
                0x00003bbe                __xc32_on_bootstrap

.text.__dummy%175
                0x00003c6e        0x2
 .text.__dummy  0x00003c6e        0x2 c:/program files/microchip/xc32/v4.21/bin/bin/../../lib/gcc/pic32c/8.3.1/../../../../pic32c/lib/thumb/v6-m/nofp\libc-musl.a(__libc_start_main.o)
                0x00003c6e                __init_stdio
                0x00003c6e                __init_host
