Archive member included to satisfy reference by file (symbol)

..\src\config\default\touch\lib\qtm_acq_samc21_0x0020.X.a(sam_acq_x_samc21.o)
                              build/default/production/_ext/162237794/touch.o (qtm_acquisition_process)
..\src\config\default\touch\lib\qtm_touch_key_cm0p_0x0002.X.a(sam_touch_key_x_cm0p.o)
                              build/default/production/_ext/162237794/touch.o (qtm_update_qtlib_timer)
..\src\config\default\touch\lib\qtm_freq_hop_cm0p_0x0006.X.a(sam_freq_hop_x_cm0p.o)
                              build/default/production/_ext/162237794/touch.o (qtm_freq_hop)
..\src\config\default\touch\lib\qtm_surface_cs_2t_cm0p_0x0025.X.a(sam_surface_cs_2t_x_cm0p.o)
                              build/default/production/_ext/162237794/touch.o (qtm_surface_cs2t_process)
..\src\config\default\touch\lib\qtm_surface_gestures_cm0p_0x0023.X.a(sam_surface_gestures_x_cm0p.o)
                              build/default/production/_ext/1662611032/kronocommuart_sam.o (qtm_gestures_2d_clearGesture)
c:/program files/microchip/xc32/v4.21/bin/bin/../../lib/gcc/pic32c/8.3.1/../../../../pic32c/lib/thumb/v6-m/nofp\libpic32c.a(data_init_wrapper.o)
                              build/default/production/_ext/1171490990/startup_xc32.o (__pic32c_data_initialization)
c:/program files/microchip/xc32/v4.21/bin/bin/../../lib/gcc/pic32c/8.3.1/../../../../pic32c/lib/thumb/v6-m/nofp\libpic32c.a(data_init_0_1.o)
                              c:/program files/microchip/xc32/v4.21/bin/bin/../../lib/gcc/pic32c/8.3.1/../../../../pic32c/lib/thumb/v6-m/nofp\libpic32c.a(data_init_wrapper.o) (__pic32c_data_initialization_impl)
c:/program files/microchip/xc32/v4.21/bin/bin/../../lib/gcc/pic32c/8.3.1/../../../../pic32c/lib/thumb/v6-m/nofp\libc-musl.a(__libc_start_main.o)
                              build/default/production/_ext/1171490990/startup_xc32.o (__libc_init_array)
c:/program files/microchip/xc32/v4.21/bin/bin/../../lib/gcc/pic32c/8.3.1/../../../../pic32c/lib/thumb/v6-m/nofp\libc-musl.a(libc.o)
                              c:/program files/microchip/xc32/v4.21/bin/bin/../../lib/gcc/pic32c/8.3.1/../../../../pic32c/lib/thumb/v6-m/nofp\libc-musl.a(__libc_start_main.o) (__progname_full)
c:/program files/microchip/xc32/v4.21/bin/bin/../../lib/gcc/pic32c/8.3.1/../../../../pic32c/lib/thumb/v6-m/nofp\libc-musl.a(memcpy.o)
                              build/default/production/_ext/1593096446/plib_nvmctrl.o (memcpy)
c:/program files/microchip/xc32/v4.21/bin/bin/../../lib/gcc/pic32c/8.3.1/../../../../pic32c/lib/thumb/v6-m/nofp\libc-musl.a(memset.o)
                              ..\src\config\default\touch\lib\qtm_surface_gestures_cm0p_0x0023.X.a(sam_surface_gestures_x_cm0p.o) (memset)
c:/program files/microchip/xc32/v4.21/bin/bin/../../lib/gcc/pic32c/8.3.1/../../../../pic32c/lib/thumb/v6-m/nofp\libc-musl.a(__environ.o)
                              c:/program files/microchip/xc32/v4.21/bin/bin/../../lib/gcc/pic32c/8.3.1/../../../../pic32c/lib/thumb/v6-m/nofp\libc-musl.a(__libc_start_main.o) (__environ)
c:/program files/microchip/xc32/v4.21/bin/bin/../../lib/gcc/pic32c/8.3.1/thumb/v6-m/nofp\libgcc.a(_thumb1_case_uhi.o)
                              ..\src\config\default\touch\lib\qtm_acq_samc21_0x0020.X.a(sam_acq_x_samc21.o) (__gnu_thumb1_case_uhi)
c:/program files/microchip/xc32/v4.21/bin/bin/../../lib/gcc/pic32c/8.3.1/thumb/v6-m/nofp\libgcc.a(_udivsi3.o)
                              build/default/production/_ext/162237794/touch.o (__aeabi_uidiv)
c:/program files/microchip/xc32/v4.21/bin/bin/../../lib/gcc/pic32c/8.3.1/thumb/v6-m/nofp\libgcc.a(_dvmd_tls.o)
                              c:/program files/microchip/xc32/v4.21/bin/bin/../../lib/gcc/pic32c/8.3.1/thumb/v6-m/nofp\libgcc.a(_udivsi3.o) (__aeabi_idiv0)
c:/program files/microchip/xc32/v4.21/bin/bin/../../lib/gcc/pic32c/8.3.1/thumb/v6-m/nofp\libgcc.a(_aeabi_uldivmod.o)
                              build/default/production/_ext/504274921/plib_sercom4_usart.o (__aeabi_uldivmod)
c:/program files/microchip/xc32/v4.21/bin/bin/../../lib/gcc/pic32c/8.3.1/thumb/v6-m/nofp\libgcc.a(_udivmoddi4.o)
                              c:/program files/microchip/xc32/v4.21/bin/bin/../../lib/gcc/pic32c/8.3.1/thumb/v6-m/nofp\libgcc.a(_aeabi_uldivmod.o) (__udivmoddi4)
c:/program files/microchip/xc32/v4.21/bin/bin/../../lib/gcc/pic32c/8.3.1/thumb/v6-m/nofp\libgcc.a(_lshrdi3.o)
                              c:/program files/microchip/xc32/v4.21/bin/bin/../../lib/gcc/pic32c/8.3.1/thumb/v6-m/nofp\libgcc.a(_udivmoddi4.o) (__aeabi_llsr)
c:/program files/microchip/xc32/v4.21/bin/bin/../../lib/gcc/pic32c/8.3.1/thumb/v6-m/nofp\libgcc.a(_ashldi3.o)
                              c:/program files/microchip/xc32/v4.21/bin/bin/../../lib/gcc/pic32c/8.3.1/thumb/v6-m/nofp\libgcc.a(_udivmoddi4.o) (__aeabi_llsl)
c:/program files/microchip/xc32/v4.21/bin/bin/../../lib/gcc/pic32c/8.3.1/thumb/v6-m/nofp\libgcc.a(_clzdi2.o)
[...]
Memory Configuration

Name             Origin             Length             Attributes
rom              0x00000000         0x00040000         xrl
ram              0x20000000         0x00008000         xw !r
config_00804000  0x00804000         0x00000004
config_00804004  0x00804004         0x00000004
*default*        0x00000000         0xffffffff

Linker script and memory map

LOAD c:/program files/microchip/xc32/v4.21/bin/bin/../../lib/gcc/pic32c/8.3.1/thumb/v6-m/nofp/crti.o
LOAD c:/program files/microchip/xc32/v4.21/bin/bin/../../lib/gcc/pic32c/8.3.1/thumb/v6-m/nofp/crtbegin.o
LOAD build/default/production/_ext/1984496892/plib_clock.o
LOAD build/default/production/_ext/1986646378/plib_evsys.o
LOAD build/default/production/_ext/1865468468/plib_nvic.o
LOAD build/default/production/_ext/1593096446/plib_nvmctrl.o
LOAD build/default/production/_ext/1865521619/plib_port.o
LOAD build/default/production/_ext/60180175/plib_rtc_timer.o
LOAD build/default/production/_ext/504274921/plib_sercom4_usart.o
LOAD build/default/production/_ext/163028504/xc32_monitor.o
LOAD build/default/production/_ext/1662611032/kronocommuart_sam.o
LOAD build/default/production/_ext/1662611032/kronocommadaptor.o
LOAD build/default/production/_ext/162237794/touch.o
LOAD build/default/production/_ext/162237794/touch_example.o
LOAD build/default/production/_ext/1171490990/initialization.o
LOAD build/default/production/_ext/1171490990/interrupts.o
LOAD build/default/production/_ext/1171490990/exceptions.o
LOAD build/default/production/_ext/1171490990/startup_xc32.o
LOAD build/default/production/_ext/1171490990/libc_syscalls.o
LOAD build/default/production/_ext/1360937237/main.o
LOAD ..\src\config\default\touch\lib\qtm_acq_samc21_0x0020.X.a
LOAD ..\src\config\default\touch\lib\qtm_touch_key_cm0p_0x0002.X.a
LOAD ..\src\config\default\touch\lib\qtm_freq_hop_cm0p_0x0006.X.a
LOAD ..\src\config\default\touch\lib\qtm_surface_cs_2t_cm0p_0x0025.X.a
LOAD ..\src\config\default\touch\lib\qtm_surface_gestures_cm0p_0x0023.X.a
                0x00000001                __MPLAB_BUILD = 0x1
                0x00040000                __rom_end = (ORIGIN (rom) + LENGTH (rom))
                0x20008000                __ram_end = (ORIGIN (ram) + LENGTH (ram))

.config_00804000
 *(.config_00804000)

.config_00804004
 *(.config_00804004)

.vectors        0x00000000       0xbc
                0x00000000                . = ALIGN (0x4)
                0x00000000                _sfixed = .
 *(.vectors .vectors.* .vectors_default .vectors_default.*)
 .vectors.exception_table
                0x00000000       0xbc build/default/production/_ext/1171490990/interrupts.o
                0x00000000                exception_table
 *(.isr_vector)
 *(.reset*)
 *(.after_vectors)

.text           0x000000bc       0x20
                0x000000bc                . = ALIGN (0x4)
 *(.glue_7t)
 .glue_7t       0x000000bc        0x0 linker stubs
 *(.glue_7)
 .glue_7        0x000000bc        0x0 linker stubs
 *(.gnu.linkonce.r.*)
 *(.ARM.extab* .gnu.linkonce.armextab.*)
                0x000000bc                . = ALIGN (0x4)
 *(.init)
 .init          0x000000bc        0x4 c:/program files/microchip/xc32/v4.21/bin/bin/../../lib/gcc/pic32c/8.3.1/thumb/v6-m/nofp/crti.o
                0x000000bc                _init
 .init          0x000000c0        0x8 c:/program files/microchip/xc32/v4.21/bin/bin/../../lib/gcc/pic32c/8.3.1/thumb/v6-m/nofp/crtn.o
                0x000000c8                . = ALIGN (0x4)
                0x000000c8                __preinit_array_start = .
 *(.preinit_array)
                0x000000c8                __preinit_array_end = .
                0x000000c8                . = ALIGN (0x4)
                0x000000c8                __init_array_start = .
 *(SORT_BY_NAME(.init_array.*))
 *(.init_array)
 .init_array    0x000000c8        0x4 c:/program files/microchip/xc32/v4.21/bin/bin/../../lib/gcc/pic32c/8.3.1/thumb/v6-m/nofp/crtbegin.o
                0x000000cc                __init_array_end = .
                0x000000cc                . = ALIGN (0x4)
 *crtbegin.o(.ctors)
 *(EXCLUDE_FILE(*crtend.o) .ctors)
 *(SORT_BY_NAME(.ctors.*))
 *crtend.o(.ctors)
                0x000000cc                . = ALIGN (0x4)
 *(.fini)
 .fini          0x000000cc        0x4 c:/program files/microchip/xc32/v4.21/bin/bin/../../lib/gcc/pic32c/8.3.1/thumb/v6-m/nofp/crti.o
                0x000000cc                _fini
 .fini          0x000000d0        0x8 c:/program files/microchip/xc32/v4.21/bin/bin/../../lib/gcc/pic32c/8.3.1/thumb/v6-m/nofp/crtn.o
                0x000000d8                . = ALIGN (0x4)
                0x000000d8                __fini_array_start = .
 *(.fini_array)
 .fini_array    0x000000d8        0x4 c:/program files/microchip/xc32/v4.21/bin/bin/../../lib/gcc/pic32c/8.3.1/thumb/v6-m/nofp/crtbegin.o
 *(SORT_BY_NAME(.fini_array.*))
                0x000000dc                __fini_array_end = .
 *crtbegin.o(.dtors)
 *(EXCLUDE_FILE(*crtend.o) .dtors)
 *(SORT_BY_NAME(.dtors.*))
 *crtend.o(.dtors)
                0x000000dc                . = ALIGN (0x4)
                0x000000dc                _efixed = .
                [!provide]                PROVIDE (__exidx_start = .)

.ARM.exidx
 *(.ARM.exidx* .gnu.linkonce.armexidx.*)
                [!provide]                PROVIDE (__exidx_end = .)
                0x000000dc                . = ALIGN (0x4)
                0x000000dc                _etext = .

.bss            0x20000000       0x14
                0x20000000                . = ALIGN (0x4)
                0x20000000                __bss_start__ = .
                0x20000000                _sbss = .
                0x20000000                _szero = .
 *(COMMON)
 COMMON         0x20000000        0xc ..\src\config\default\touch\lib\qtm_acq_samc21_0x0020.X.a(sam_acq_x_samc21.o)
                0x20000000                p_qtm_drivenshield_config
                0x20000004                qtm_acquisition_control_working_set_ptr
                0x20000008                qtm_raw_data_measurements_ptr
 COMMON         0x2000000c        0x8 ..\src\config\default\touch\lib\qtm_surface_gestures_cm0p_0x0023.X.a(sam_surface_gestures_x_cm0p.o)
                0x2000000c                timer
                0x20000010                cfgRam
                0x20000014                . = ALIGN (0x4)
                0x20000014                __bss_end__ = .
                0x20000014                _ebss = .
                0x20000014                _ezero = .
                0x20000014                . = ALIGN (0x4)
                0x20000014                _end = .
                0x20007fff                _ram_end_ = ((ORIGIN (ram) + LENGTH (ram)) - 0x1)
                0x00000200                _min_heap_size = 0x200
START GROUP
LOAD c:/program files/microchip/xc32/v4.21/bin/bin/../../lib/gcc/pic32c/8.3.1/../../../../pic32c/lib/thumb/v6-m/nofp\libpic32c.a
LOAD c:/program files/microchip/xc32/v4.21/bin/bin/../../lib/gcc/pic32c/8.3.1/../../../../pic32c/lib/thumb/v6-m/nofp\libm-emfloat.a
LOAD c:/program files/microchip/xc32/v4.21/bin/bin/../../lib/gcc/pic32c/8.3.1/../../../../pic32c/lib/thumb/v6-m/nofp\libc-musl.a
LOAD c:/program files/microchip/xc32/v4.21/bin/bin/../../lib/gcc/pic32c/8.3.1/../../../../pic32c/lib/thumb/v6-m/nofp\libm-emfloat.a
LOAD c:/program files/microchip/xc32/v4.21/bin/bin/../../lib/gcc/pic32c/8.3.1/thumb/v6-m/nofp\libgcc.a
END GROUP
LOAD c:/program files/microchip/xc32/v4.21/bin/bin/../../lib/gcc/pic32c/8.3.1/thumb/v6-m/nofp/crtend.o
LOAD c:/program files/microchip/xc32/v4.21/bin/bin/../../lib/gcc/pic32c/8.3.1/thumb/v6-m/nofp/crtn.o
OUTPUT(dist/default/production/samc21xpro-qt8.X.production.elf elf32-littlearm)
LOAD stack
LOAD data_init

.ARM.attributes
                0x00000000       0x2c
 .ARM.attributes
                0x00000000       0x1e c:/program files/microchip/xc32/v4.21/bin/bin/../../lib/gcc/pic32c/8.3.1/thumb/v6-m/nofp/crti.o
 .ARM.attributes
                0x0000001e       0x2c c:/program files/microchip/xc32/v4.21/bin/bin/../../lib/gcc/pic32c/8.3.1/thumb/v6-m/nofp/crtbegin.o
 .ARM.attributes
                0x0000004a       0x2c build/default/production/_ext/1984496892/plib_clock.o
 .ARM.attributes
                0x00000076       0x2c build/default/production/_ext/1986646378/plib_evsys.o
 .ARM.attributes
                0x000000a2       0x2c build/default/production/_ext/1865468468/plib_nvic.o
 .ARM.attributes
                0x000000ce       0x2c build/default/production/_ext/1593096446/plib_nvmctrl.o
 .ARM.attributes
                0x000000fa       0x2c build/default/production/_ext/1865521619/plib_port.o
 .ARM.attributes
                0x00000126       0x2c build/default/production/_ext/60180175/plib_rtc_timer.o
 .ARM.attributes
                0x00000152       0x2c build/default/production/_ext/504274921/plib_sercom4_usart.o
 .ARM.attributes
                0x0000017e       0x2c build/default/production/_ext/1662611032/kronocommuart_sam.o
 .ARM.attributes
                0x000001aa       0x2c build/default/production/_ext/1662611032/kronocommadaptor.o
 .ARM.attributes
                0x000001d6       0x2c build/default/production/_ext/162237794/touch.o
 .ARM.attributes
                0x00000202       0x2c build/default/production/_ext/1171490990/initialization.o
 .ARM.attributes
                0x0000022e       0x2c build/default/production/_ext/1171490990/interrupts.o
 .ARM.attributes
                0x0000025a       0x2c build/default/production/_ext/1171490990/exceptions.o
 .ARM.attributes
                0x00000286       0x2c build/default/production/_ext/1171490990/startup_xc32.o
 .ARM.attributes
                0x000002b2       0x2c build/default/production/_ext/1360937237/main.o
 .ARM.attributes
                0x000002de       0x2c ..\src\config\default\touch\lib\qtm_acq_samc21_0x0020.X.a(sam_acq_x_samc21.o)
 .ARM.attributes
                0x0000030a       0x2c ..\src\config\default\touch\lib\qtm_touch_key_cm0p_0x0002.X.a(sam_touch_key_x_cm0p.o)
 .ARM.attributes
                0x00000336       0x2c ..\src\config\default\touch\lib\qtm_freq_hop_cm0p_0x0006.X.a(sam_freq_hop_x_cm0p.o)
 .ARM.attributes
                0x00000362       0x2c ..\src\config\default\touch\lib\qtm_surface_cs_2t_cm0p_0x0025.X.a(sam_surface_cs_2t_x_cm0p.o)
 .ARM.attributes
                0x0000038e       0x2c ..\src\config\default\touch\lib\qtm_surface_gestures_cm0p_0x0023.X.a(sam_surface_gestures_x_cm0p.o)
 .ARM.attributes
                0x000003ba       0x2c c:/program files/microchip/xc32/v4.21/bin/bin/../../lib/gcc/pic32c/8.3.1/../../../../pic32c/lib/thumb/v6-m/nofp\libpic32c.a(data_init_wrapper.o)
 .ARM.attributes
                0x000003e6       0x2c c:/program files/microchip/xc32/v4.21/bin/bin/../../lib/gcc/pic32c/8.3.1/../../../../pic32c/lib/thumb/v6-m/nofp\libpic32c.a(data_init_0_1.o)
 .ARM.attributes
                0x00000412       0x2e c:/program files/microchip/xc32/v4.21/bin/bin/../../lib/gcc/pic32c/8.3.1/../../../../pic32c/lib/thumb/v6-m/nofp\libc-musl.a(__libc_start_main.o)
 .ARM.attributes
                0x00000440       0x2e c:/program files/microchip/xc32/v4.21/bin/bin/../../lib/gcc/pic32c/8.3.1/../../../../pic32c/lib/thumb/v6-m/nofp\libc-musl.a(libc.o)
 .ARM.attributes
                0x0000046e       0x2e c:/program files/microchip/xc32/v4.21/bin/bin/../../lib/gcc/pic32c/8.3.1/../../../../pic32c/lib/thumb/v6-m/nofp\libc-musl.a(memset.o)
 .ARM.attributes
                0x0000049c       0x2e c:/program files/microchip/xc32/v4.21/bin/bin/../../lib/gcc/pic32c/8.3.1/../../../../pic32c/lib/thumb/v6-m/nofp\libc-musl.a(__environ.o)
 .ARM.attributes
                0x000004ca       0x1e c:/program files/microchip/xc32/v4.21/bin/bin/../../lib/gcc/pic32c/8.3.1/thumb/v6-m/nofp\libgcc.a(_thumb1_case_uhi.o)
 .ARM.attributes
                0x000004e8       0x1e c:/program files/microchip/xc32/v4.21/bin/bin/../../lib/gcc/pic32c/8.3.1/thumb/v6-m/nofp\libgcc.a(_udivsi3.o)
 .ARM.attributes
                0x00000506       0x1e c:/program files/microchip/xc32/v4.21/bin/bin/../../lib/gcc/pic32c/8.3.1/thumb/v6-m/nofp\libgcc.a(_dvmd_tls.o)
 .ARM.attributes
                0x00000524       0x1e c:/program files/microchip/xc32/v4.21/bin/bin/../../lib/gcc/pic32c/8.3.1/thumb/v6-m/nofp/crtn.o

.comment        0x00000000       0x67
 .comment       0x00000000       0x2b c:/program files/microchip/xc32/v4.21/bin/bin/../../lib/gcc/pic32c/8.3.1/thumb/v6-m/nofp/crtbegin.o
                                 0x2c (size before relaxing)
 .comment       0x0000002b       0x2c build/default/production/_ext/1984496892/plib_clock.o
 .comment       0x0000002b       0x2c build/default/production/_ext/1986646378/plib_evsys.o
 .comment       0x0000002b       0x2c build/default/production/_ext/1865468468/plib_nvic.o
 .comment       0x0000002b       0x2c build/default/production/_ext/1593096446/plib_nvmctrl.o
 .comment       0x0000002b       0x2c build/default/production/_ext/1865521619/plib_port.o
 .comment       0x0000002b       0x2c build/default/production/_ext/60180175/plib_rtc_timer.o
 .comment       0x0000002b       0x2c build/default/production/_ext/504274921/plib_sercom4_usart.o
 .comment       0x0000002b       0x2c build/default/production/_ext/1662611032/kronocommuart_sam.o
 .comment       0x0000002b       0x2c build/default/production/_ext/1662611032/kronocommadaptor.o
 .comment       0x0000002b       0x2c build/default/production/_ext/162237794/touch.o
 .comment       0x0000002b       0x2c build/default/production/_ext/1171490990/initialization.o
 .comment       0x0000002b       0x2c build/default/production/_ext/1171490990/interrupts.o
 .comment       0x0000002b       0x2c build/default/production/_ext/1171490990/exceptions.o
 .comment       0x0000002b       0x2c build/default/production/_ext/1171490990/startup_xc32.o
 .comment       0x0000002b       0x2c build/default/production/_ext/1360937237/main.o
 .comment       0x0000002b       0x3c ..\src\config\default\touch\lib\qtm_acq_samc21_0x0020.X.a(sam_acq_x_samc21.o)
                                 0x3d (size before relaxing)
 .comment       0x00000067       0x3d ..\src\config\default\touch\lib\qtm_touch_key_cm0p_0x0002.X.a(sam_touch_key_x_cm0p.o)
 .comment       0x00000067       0x3d ..\src\config\default\touch\lib\qtm_freq_hop_cm0p_0x0006.X.a(sam_freq_hop_x_cm0p.o)
 .comment       0x00000067       0x3d ..\src\config\default\touch\lib\qtm_surface_cs_2t_cm0p_0x0025.X.a(sam_surface_cs_2t_x_cm0p.o)
 .comment       0x00000067       0x3d ..\src\config\default\touch\lib\qtm_surface_gestures_cm0p_0x0023.X.a(sam_surface_gestures_x_cm0p.o)
 .comment       0x00000067       0x2c c:/program files/microchip/xc32/v4.21/bin/bin/../../lib/gcc/pic32c/8.3.1/../../../../pic32c/lib/thumb/v6-m/nofp\libpic32c.a(data_init_wrapper.o)
 .comment       0x00000067       0x2c c:/program files/microchip/xc32/v4.21/bin/bin/../../lib/gcc/pic32c/8.3.1/../../../../pic32c/lib/thumb/v6-m/nofp\libpic32c.a(data_init_0_1.o)
 .comment       0x00000067       0x2c c:/program files/microchip/xc32/v4.21/bin/bin/../../lib/gcc/pic32c/8.3.1/../../../../pic32c/lib/thumb/v6-m/nofp\libc-musl.a(__libc_start_main.o)
 .comment       0x00000067       0x2c c:/program files/microchip/xc32/v4.21/bin/bin/../../lib/gcc/pic32c/8.3.1/../../../../pic32c/lib/thumb/v6-m/nofp\libc-musl.a(libc.o)
 .comment       0x00000067       0x2c c:/program files/microchip/xc32/v4.21/bin/bin/../../lib/gcc/pic32c/8.3.1/../../../../pic32c/lib/thumb/v6-m/nofp\libc-musl.a(memset.o)
 .comment       0x00000067       0x2c c:/program files/microchip/xc32/v4.21/bin/bin/../../lib/gcc/pic32c/8.3.1/../../../../pic32c/lib/thumb/v6-m/nofp\libc-musl.a(__environ.o)

.debug_info     0x00000000     0xd684
 .debug_info    0x00000000      0xaf9 build/default/production/_ext/1984496892/plib_clock.o
 .debug_info    0x00000af9      0x5e9 build/default/production/_ext/1986646378/plib_evsys.o
 .debug_info    0x000010e2      0xb14 build/default/production/_ext/1865468468/plib_nvic.o
 .debug_info    0x00001bf6      0xbc5 build/default/production/_ext/1593096446/plib_nvmctrl.o
 .debug_info    0x000027bb      0xd52 build/default/production/_ext/1865521619/plib_port.o
 .debug_info    0x0000350d      0xb52 build/default/production/_ext/60180175/plib_rtc_timer.o
 .debug_info    0x0000405f     0x1826 build/default/production/_ext/504274921/plib_sercom4_usart.o
 .debug_info    0x00005885      0xe34 build/default/production/_ext/1662611032/kronocommuart_sam.o
 .debug_info    0x000066b9     0x1448 build/default/production/_ext/1662611032/kronocommadaptor.o
 .debug_info    0x00007b01     0x2b54 build/default/production/_ext/162237794/touch.o
 .debug_info    0x0000a655      0x659 build/default/production/_ext/1171490990/initialization.o
 .debug_info    0x0000acae      0x8be build/default/production/_ext/1171490990/interrupts.o
 .debug_info    0x0000b56c      0x331 build/default/production/_ext/1171490990/exceptions.o
 .debug_info    0x0000b89d      0x492 build/default/production/_ext/1171490990/startup_xc32.o
 .debug_info    0x0000bd2f      0x326 build/default/production/_ext/1360937237/main.o
 .debug_info    0x0000c055      0x298 c:/program files/microchip/xc32/v4.21/bin/bin/../../lib/gcc/pic32c/8.3.1/../../../../pic32c/lib/thumb/v6-m/nofp\libpic32c.a(data_init_wrapper.o)
 .debug_info    0x0000c2ed      0x299 c:/program files/microchip/xc32/v4.21/bin/bin/../../lib/gcc/pic32c/8.3.1/../../../../pic32c/lib/thumb/v6-m/nofp\libpic32c.a(data_init_0_1.o)
 .debug_info    0x0000c586      0x617 c:/program files/microchip/xc32/v4.21/bin/bin/../../lib/gcc/pic32c/8.3.1/../../../../pic32c/lib/thumb/v6-m/nofp\libc-musl.a(__libc_start_main.o)
 .debug_info    0x0000cb9d      0x529 c:/program files/microchip/xc32/v4.21/bin/bin/../../lib/gcc/pic32c/8.3.1/../../../../pic32c/lib/thumb/v6-m/nofp\libc-musl.a(libc.o)
 .debug_info    0x0000d0c6      0x2a9 c:/program files/microchip/xc32/v4.21/bin/bin/../../lib/gcc/pic32c/8.3.1/../../../../pic32c/lib/thumb/v6-m/nofp\libc-musl.a(memset.o)
 .debug_info    0x0000d36f      0x2a3 c:/program files/microchip/xc32/v4.21/bin/bin/../../lib/gcc/pic32c/8.3.1/../../../../pic32c/lib/thumb/v6-m/nofp\libc-musl.a(__environ.o)
 .debug_info    0x0000d612       0x26 c:/program files/microchip/xc32/v4.21/bin/bin/../../lib/gcc/pic32c/8.3.1/thumb/v6-m/nofp\libgcc.a(_thumb1_case_uhi.o)
 .debug_info    0x0000d638       0x26 c:/program files/microchip/xc32/v4.21/bin/bin/../../lib/gcc/pic32c/8.3.1/thumb/v6-m/nofp\libgcc.a(_udivsi3.o)
 .debug_info    0x0000d65e       0x26 c:/program files/microchip/xc32/v4.21/bin/bin/../../lib/gcc/pic32c/8.3.1/thumb/v6-m/nofp\libgcc.a(_dvmd_tls.o)

.debug_abbrev   0x00000000     0x1b1b
 .debug_abbrev  0x00000000      0x14f build/default/production/_ext/1984496892/plib_clock.o
 .debug_abbrev  0x0000014f      0x10e build/default/production/_ext/1986646378/plib_evsys.o
 .debug_abbrev  0x0000025d      0x1fd build/default/production/_ext/1865468468/plib_nvic.o
 .debug_abbrev  0x0000045a      0x1ba build/default/production/_ext/1593096446/plib_nvmctrl.o
 .debug_abbrev  0x00000614      0x1d6 build/default/production/_ext/1865521619/plib_port.o
 .debug_abbrev  0x000007ea      0x189 build/default/production/_ext/60180175/plib_rtc_timer.o
 .debug_abbrev  0x00000973      0x39d build/default/production/_ext/504274921/plib_sercom4_usart.o
 .debug_abbrev  0x00000d10      0x1d5 build/default/production/_ext/1662611032/kronocommuart_sam.o
 .debug_abbrev  0x00000ee5      0x21e build/default/production/_ext/1662611032/kronocommadaptor.o
 .debug_abbrev  0x00001103      0x34f build/default/production/_ext/162237794/touch.o
 .debug_abbrev  0x00001452       0xfa build/default/production/_ext/1171490990/initialization.o
 .debug_abbrev  0x0000154c       0xb5 build/default/production/_ext/1171490990/interrupts.o
 .debug_abbrev  0x00001601       0x3e build/default/production/_ext/1171490990/exceptions.o
 .debug_abbrev  0x0000163f      0x110 build/default/production/_ext/1171490990/startup_xc32.o
 .debug_abbrev  0x0000174f       0x77 build/default/production/_ext/1360937237/main.o
 .debug_abbrev  0x000017c6       0x2e c:/program files/microchip/xc32/v4.21/bin/bin/../../lib/gcc/pic32c/8.3.1/../../../../pic32c/lib/thumb/v6-m/nofp\libpic32c.a(data_init_wrapper.o)
 .debug_abbrev  0x000017f4       0x2e c:/program files/microchip/xc32/v4.21/bin/bin/../../lib/gcc/pic32c/8.3.1/../../../../pic32c/lib/thumb/v6-m/nofp\libpic32c.a(data_init_0_1.o)
 .debug_abbrev  0x00001822      0x117 c:/program files/microchip/xc32/v4.21/bin/bin/../../lib/gcc/pic32c/8.3.1/../../../../pic32c/lib/thumb/v6-m/nofp\libc-musl.a(__libc_start_main.o)
 .debug_abbrev  0x00001939       0xb8 c:/program files/microchip/xc32/v4.21/bin/bin/../../lib/gcc/pic32c/8.3.1/../../../../pic32c/lib/thumb/v6-m/nofp\libc-musl.a(libc.o)
 .debug_abbrev  0x000019f1       0x97 c:/program files/microchip/xc32/v4.21/bin/bin/../../lib/gcc/pic32c/8.3.1/../../../../pic32c/lib/thumb/v6-m/nofp\libc-musl.a(memset.o)
 .debug_abbrev  0x00001a88       0x57 c:/program files/microchip/xc32/v4.21/bin/bin/../../lib/gcc/pic32c/8.3.1/../../../../pic32c/lib/thumb/v6-m/nofp\libc-musl.a(__environ.o)
 .debug_abbrev  0x00001adf       0x14 c:/program files/microchip/xc32/v4.21/bin/bin/../../lib/gcc/pic32c/8.3.1/thumb/v6-m/nofp\libgcc.a(_thumb1_case_uhi.o)
 .debug_abbrev  0x00001af3       0x14 c:/program files/microchip/xc32/v4.21/bin/bin/../../lib/gcc/pic32c/8.3.1/thumb/v6-m/nofp\libgcc.a(_udivsi3.o)
 .debug_abbrev  0x00001b07       0x14 c:/program files/microchip/xc32/v4.21/bin/bin/../../lib/gcc/pic32c/8.3.1/thumb/v6-m/nofp\libgcc.a(_dvmd_tls.o)

.debug_loc      0x00000000     0x2138
 .debug_loc     0x00000000       0x45 build/default/production/_ext/1984496892/plib_clock.o
 .debug_loc     0x00000045       0xc8 build/default/production/_ext/1986646378/plib_evsys.o
 .debug_loc     0x0000010d      0x114 build/default/production/_ext/1865468468/plib_nvic.o
 .debug_loc     0x00000221      0x689 build/default/production/_ext/1593096446/plib_nvmctrl.o
 .debug_loc     0x000008aa      0x226 build/default/production/_ext/1865521619/plib_port.o
 .debug_loc     0x00000ad0       0x6a build/default/production/_ext/60180175/plib_rtc_timer.o
 .debug_loc     0x00000b3a      0x666 build/default/production/_ext/504274921/plib_sercom4_usart.o
 .debug_loc     0x000011a0      0x4da build/default/production/_ext/1662611032/kronocommuart_sam.o
 .debug_loc     0x0000167a      0x530 build/default/production/_ext/1662611032/kronocommadaptor.o
 .debug_loc     0x00001baa      0x403 build/default/production/_ext/162237794/touch.o
 .debug_loc     0x00001fad       0x45 build/default/production/_ext/1171490990/initialization.o
 .debug_loc     0x00001ff2       0x20 build/default/production/_ext/1171490990/startup_xc32.o
 .debug_loc     0x00002012       0x20 build/default/production/_ext/1360937237/main.o
 .debug_loc     0x00002032       0x14 c:/program files/microchip/xc32/v4.21/bin/bin/../../lib/gcc/pic32c/8.3.1/../../../../pic32c/lib/thumb/v6-m/nofp\libpic32c.a(data_init_wrapper.o)
 .debug_loc     0x00002046       0x14 c:/program files/microchip/xc32/v4.21/bin/bin/../../lib/gcc/pic32c/8.3.1/../../../../pic32c/lib/thumb/v6-m/nofp\libpic32c.a(data_init_0_1.o)
 .debug_loc     0x0000205a       0x5e c:/program files/microchip/xc32/v4.21/bin/bin/../../lib/gcc/pic32c/8.3.1/../../../../pic32c/lib/thumb/v6-m/nofp\libc-musl.a(__libc_start_main.o)
 .debug_loc     0x000020b8       0x80 c:/program files/microchip/xc32/v4.21/bin/bin/../../lib/gcc/pic32c/8.3.1/../../../../pic32c/lib/thumb/v6-m/nofp\libc-musl.a(memset.o)

.debug_aranges  0x00000000      0x610
 .debug_aranges
                0x00000000       0x20 build/default/production/_ext/1984496892/plib_clock.o
 .debug_aranges
                0x00000020       0x40 build/default/production/_ext/1986646378/plib_evsys.o
 .debug_aranges
                0x00000060       0x38 build/default/production/_ext/1865468468/plib_nvic.o
 .debug_aranges
                0x00000098       0xa0 build/default/production/_ext/1593096446/plib_nvmctrl.o
 .debug_aranges
                0x00000138       0x70 build/default/production/_ext/1865521619/plib_port.o
 .debug_aranges
                0x000001a8       0x88 build/default/production/_ext/60180175/plib_rtc_timer.o
 .debug_aranges
                0x00000230       0xb8 build/default/production/_ext/504274921/plib_sercom4_usart.o
 .debug_aranges
                0x000002e8       0x68 build/default/production/_ext/1662611032/kronocommuart_sam.o
 .debug_aranges
                0x00000350       0x50 build/default/production/_ext/1662611032/kronocommadaptor.o
 .debug_aranges
                0x000003a0       0xa8 build/default/production/_ext/162237794/touch.o
 .debug_aranges
                0x00000448       0x20 build/default/production/_ext/1171490990/initialization.o
 .debug_aranges
                0x00000468       0x20 build/default/production/_ext/1171490990/interrupts.o
 .debug_aranges
                0x00000488       0x28 build/default/production/_ext/1171490990/exceptions.o
 .debug_aranges
                0x000004b0       0x28 build/default/production/_ext/1171490990/startup_xc32.o
 .debug_aranges
                0x000004d8       0x20 build/default/production/_ext/1360937237/main.o
 .debug_aranges
                0x000004f8       0x20 c:/program files/microchip/xc32/v4.21/bin/bin/../../lib/gcc/pic32c/8.3.1/../../../../pic32c/lib/thumb/v6-m/nofp\libpic32c.a(data_init_wrapper.o)
 .debug_aranges
                0x00000518       0x20 c:/program files/microchip/xc32/v4.21/bin/bin/../../lib/gcc/pic32c/8.3.1/../../../../pic32c/lib/thumb/v6-m/nofp\libpic32c.a(data_init_0_1.o)
 .debug_aranges
                0x00000538       0x28 c:/program files/microchip/xc32/v4.21/bin/bin/../../lib/gcc/pic32c/8.3.1/../../../../pic32c/lib/thumb/v6-m/nofp\libc-musl.a(__libc_start_main.o)
 .debug_aranges
                0x00000560       0x18 c:/program files/microchip/xc32/v4.21/bin/bin/../../lib/gcc/pic32c/8.3.1/../../../../pic32c/lib/thumb/v6-m/nofp\libc-musl.a(libc.o)
 .debug_aranges
                0x00000578       0x20 c:/program files/microchip/xc32/v4.21/bin/bin/../../lib/gcc/pic32c/8.3.1/../../../../pic32c/lib/thumb/v6-m/nofp\libc-musl.a(memset.o)
 .debug_aranges
                0x00000598       0x18 c:/program files/microchip/xc32/v4.21/bin/bin/../../lib/gcc/pic32c/8.3.1/../../../../pic32c/lib/thumb/v6-m/nofp\libc-musl.a(__environ.o)
 .debug_aranges
                0x000005b0       0x20 c:/program files/microchip/xc32/v4.21/bin/bin/../../lib/gcc/pic32c/8.3.1/thumb/v6-m/nofp\libgcc.a(_thumb1_case_uhi.o)
 .debug_aranges
                0x000005d0       0x20 c:/program files/microchip/xc32/v4.21/bin/bin/../../lib/gcc/pic32c/8.3.1/thumb/v6-m/nofp\libgcc.a(_udivsi3.o)
 .debug_aranges
                0x000005f0       0x20 c:/program files/microchip/xc32/v4.21/bin/bin/../../lib/gcc/pic32c/8.3.1/thumb/v6-m/nofp\libgcc.a(_dvmd_tls.o)

.debug_ranges   0x00000000      0x4b0
 .debug_ranges  0x00000000       0x10 build/default/production/_ext/1984496892/plib_clock.o
 .debug_ranges  0x00000010       0x30 build/default/production/_ext/1986646378/plib_evsys.o
 .debug_ranges  0x00000040       0x28 build/default/production/_ext/1865468468/plib_nvic.o
 .debug_ranges  0x00000068       0x90 build/default/production/_ext/1593096446/plib_nvmctrl.o
 .debug_ranges  0x000000f8       0x60 build/default/production/_ext/1865521619/plib_port.o
 .debug_ranges  0x00000158       0x78 build/default/production/_ext/60180175/plib_rtc_timer.o
 .debug_ranges  0x000001d0       0xd8 build/default/production/_ext/504274921/plib_sercom4_usart.o
 .debug_ranges  0x000002a8       0x58 build/default/production/_ext/1662611032/kronocommuart_sam.o
 .debug_ranges  0x00000300       0x58 build/default/production/_ext/1662611032/kronocommadaptor.o
 .debug_ranges  0x00000358       0x98 build/default/production/_ext/162237794/touch.o
 .debug_ranges  0x000003f0       0x10 build/default/production/_ext/1171490990/initialization.o
 .debug_ranges  0x00000400       0x10 build/default/production/_ext/1171490990/interrupts.o
 .debug_ranges  0x00000410       0x18 build/default/production/_ext/1171490990/exceptions.o
 .debug_ranges  0x00000428       0x18 build/default/production/_ext/1171490990/startup_xc32.o
 .debug_ranges  0x00000440       0x10 build/default/production/_ext/1360937237/main.o
 .debug_ranges  0x00000450       0x10 c:/program files/microchip/xc32/v4.21/bin/bin/../../lib/gcc/pic32c/8.3.1/../../../../pic32c/lib/thumb/v6-m/nofp\libpic32c.a(data_init_wrapper.o)
 .debug_ranges  0x00000460       0x10 c:/program files/microchip/xc32/v4.21/bin/bin/../../lib/gcc/pic32c/8.3.1/../../../../pic32c/lib/thumb/v6-m/nofp\libpic32c.a(data_init_0_1.o)
 .debug_ranges  0x00000470       0x30 c:/program files/microchip/xc32/v4.21/bin/bin/../../lib/gcc/pic32c/8.3.1/../../../../pic32c/lib/thumb/v6-m/nofp\libc-musl.a(__libc_start_main.o)
 .debug_ranges  0x000004a0       0x10 c:/program files/microchip/xc32/v4.21/bin/bin/../../lib/gcc/pic32c/8.3.1/../../../../pic32c/lib/thumb/v6-m/nofp\libc-musl.a(memset.o)

.debug_line     0x00000000     0x3b36
 .debug_line    0x00000000      0x238 build/default/production/_ext/1984496892/plib_clock.o
 .debug_line    0x00000238      0x188 build/default/production/_ext/1986646378/plib_evsys.o
 .debug_line    0x000003c0      0x326 build/default/production/_ext/1865468468/plib_nvic.o
 .debug_line    0x000006e6      0x44e build/default/production/_ext/1593096446/plib_nvmctrl.o
 .debug_line    0x00000b34      0x322 build/default/production/_ext/1865521619/plib_port.o
 .debug_line    0x00000e56      0x392 build/default/production/_ext/60180175/plib_rtc_timer.o
 .debug_line    0x000011e8      0x8e2 build/default/production/_ext/504274921/plib_sercom4_usart.o
 .debug_line    0x00001aca      0x5e7 build/default/production/_ext/1662611032/kronocommuart_sam.o
 .debug_line    0x000020b1      0x6b0 build/default/production/_ext/1662611032/kronocommadaptor.o
 .debug_line    0x00002761      0x5e5 build/default/production/_ext/162237794/touch.o
 .debug_line    0x00002d46      0x2b3 build/default/production/_ext/1171490990/initialization.o
 .debug_line    0x00002ff9       0xba build/default/production/_ext/1171490990/interrupts.o
 .debug_line    0x000030b3       0x6e build/default/production/_ext/1171490990/exceptions.o
 .debug_line    0x00003121      0x157 build/default/production/_ext/1171490990/startup_xc32.o
 .debug_line    0x00003278       0x9f build/default/production/_ext/1360937237/main.o
 .debug_line    0x00003317       0xac c:/program files/microchip/xc32/v4.21/bin/bin/../../lib/gcc/pic32c/8.3.1/../../../../pic32c/lib/thumb/v6-m/nofp\libpic32c.a(data_init_wrapper.o)
 .debug_line    0x000033c3      0x114 c:/program files/microchip/xc32/v4.21/bin/bin/../../lib/gcc/pic32c/8.3.1/../../../../pic32c/lib/thumb/v6-m/nofp\libpic32c.a(data_init_0_1.o)
 .debug_line    0x000034d7      0x1ca c:/program files/microchip/xc32/v4.21/bin/bin/../../lib/gcc/pic32c/8.3.1/../../../../pic32c/lib/thumb/v6-m/nofp\libc-musl.a(__libc_start_main.o)
 .debug_line    0x000036a1       0xbc c:/program files/microchip/xc32/v4.21/bin/bin/../../lib/gcc/pic32c/8.3.1/../../../../pic32c/lib/thumb/v6-m/nofp\libc-musl.a(libc.o)
 .debug_line    0x0000375d       0xe8 c:/program files/microchip/xc32/v4.21/bin/bin/../../lib/gcc/pic32c/8.3.1/../../../../pic32c/lib/thumb/v6-m/nofp\libc-musl.a(memset.o)
 .debug_line    0x00003845      0x109 c:/program files/microchip/xc32/v4.21/bin/bin/../../lib/gcc/pic32c/8.3.1/../../../../pic32c/lib/thumb/v6-m/nofp\libc-musl.a(__environ.o)
 .debug_line    0x0000394e       0xa1 c:/program files/microchip/xc32/v4.21/bin/bin/../../lib/gcc/pic32c/8.3.1/thumb/v6-m/nofp\libgcc.a(_thumb1_case_uhi.o)
 .debug_line    0x000039ef       0xaf c:/program files/microchip/xc32/v4.21/bin/bin/../../lib/gcc/pic32c/8.3.1/thumb/v6-m/nofp\libgcc.a(_udivsi3.o)
 .debug_line    0x00003a9e       0x98 c:/program files/microchip/xc32/v4.21/bin/bin/../../lib/gcc/pic32c/8.3.1/thumb/v6-m/nofp\libgcc.a(_dvmd_tls.o)

.debug_str      0x00000000      0xa21
 .debug_str     0x00000000       0x1e build/default/production/_ext/1984496892/plib_clock.o
 .debug_str     0x0000001e       0x16 build/default/production/_ext/1986646378/plib_evsys.o
 .debug_str     0x00000034        0xa build/default/production/_ext/1865468468/plib_nvic.o
 .debug_str     0x0000003e       0x16 build/default/production/_ext/1593096446/plib_nvmctrl.o
 .debug_str     0x00000054        0xb build/default/production/_ext/1865521619/plib_port.o
 .debug_str     0x0000005f       0xaa build/default/production/_ext/60180175/plib_rtc_timer.o
 .debug_str     0x00000109      0x10e build/default/production/_ext/504274921/plib_sercom4_usart.o
 .debug_str     0x00000217       0xc2 build/default/production/_ext/1662611032/kronocommuart_sam.o
 .debug_str     0x000002d9       0x75 build/default/production/_ext/1662611032/kronocommadaptor.o
 .debug_str     0x0000034e      0x344 build/default/production/_ext/162237794/touch.o
 .debug_str     0x00000692       0x88 build/default/production/_ext/1171490990/initialization.o
 .debug_str     0x0000071a        0x0 build/default/production/_ext/1171490990/interrupts.o
 .debug_str     0x0000071a        0x0 build/default/production/_ext/1171490990/exceptions.o
 .debug_str     0x0000071a       0x2f build/default/production/_ext/1171490990/startup_xc32.o
 .debug_str     0x00000749       0x1d build/default/production/_ext/1360937237/main.o
 .debug_str     0x00000766        0x0 c:/program files/microchip/xc32/v4.21/bin/bin/../../lib/gcc/pic32c/8.3.1/../../../../pic32c/lib/thumb/v6-m/nofp\libpic32c.a(data_init_wrapper.o)
 .debug_str     0x00000766        0x0 c:/program files/microchip/xc32/v4.21/bin/bin/../../lib/gcc/pic32c/8.3.1/../../../../pic32c/lib/thumb/v6-m/nofp\libpic32c.a(data_init_0_1.o)
 .debug_str     0x00000766        0x0 c:/program files/microchip/xc32/v4.21/bin/bin/../../lib/gcc/pic32c/8.3.1/../../../../pic32c/lib/thumb/v6-m/nofp\libc-musl.a(__libc_start_main.o)
 .debug_str     0x00000766        0x0 c:/program files/microchip/xc32/v4.21/bin/bin/../../lib/gcc/pic32c/8.3.1/../../../../pic32c/lib/thumb/v6-m/nofp\libc-musl.a(libc.o)
 .debug_str     0x00000766        0x0 c:/program files/microchip/xc32/v4.21/bin/bin/../../lib/gcc/pic32c/8.3.1/../../../../pic32c/lib/thumb/v6-m/nofp\libc-musl.a(memset.o)
 .debug_str     0x00000766        0x0 c:/program files/microchip/xc32/v4.21/bin/bin/../../lib/gcc/pic32c/8.3.1/../../../../pic32c/lib/thumb/v6-m/nofp\libc-musl.a(__environ.o)
 .debug_str     0x00000766       0xe9 c:/program files/microchip/xc32/v4.21/bin/bin/../../lib/gcc/pic32c/8.3.1/thumb/v6-m/nofp\libgcc.a(_thumb1_case_uhi.o)
 .debug_str     0x0000084f       0xe9 c:/program files/microchip/xc32/v4.21/bin/bin/../../lib/gcc/pic32c/8.3.1/thumb/v6-m/nofp\libgcc.a(_udivsi3.o)
 .debug_str     0x00000938       0xe9 c:/program files/microchip/xc32/v4.21/bin/bin/../../lib/gcc/pic32c/8.3.1/thumb/v6-m/nofp\libgcc.a(_dvmd_tls.o)

.debug_frame    0x00000000      0xa24
 .debug_frame   0x00000000       0x20 build/default/production/_ext/1984496892/plib_clock.o
 .debug_frame   0x00000020       0x60 build/default/production/_ext/1986646378/plib_evsys.o
 .debug_frame   0x00000080       0x5c build/default/production/_ext/1865468468/plib_nvic.o
 .debug_frame   0x000000dc      0x148 build/default/production/_ext/1593096446/plib_nvmctrl.o
 .debug_frame   0x00000224       0xcc build/default/production/_ext/1865521619/plib_port.o
 .debug_frame   0x000002f0       0xf8 build/default/production/_ext/60180175/plib_rtc_timer.o
 .debug_frame   0x000003e8      0x18c build/default/production/_ext/504274921/plib_sercom4_usart.o
 .debug_frame   0x00000574      0x104 build/default/production/_ext/1662611032/kronocommuart_sam.o
 .debug_frame   0x00000678       0x98 build/default/production/_ext/1662611032/kronocommadaptor.o
 .debug_frame   0x00000710      0x16c build/default/production/_ext/162237794/touch.o
 .debug_frame   0x0000087c       0x28 build/default/production/_ext/1171490990/initialization.o
 .debug_frame   0x000008a4       0x20 build/default/production/_ext/1171490990/interrupts.o
 .debug_frame   0x000008c4       0x30 build/default/production/_ext/1171490990/exceptions.o
 .debug_frame   0x000008f4       0x38 build/default/production/_ext/1171490990/startup_xc32.o
 .debug_frame   0x0000092c       0x28 build/default/production/_ext/1360937237/main.o
 .debug_frame   0x00000954       0x28 c:/program files/microchip/xc32/v4.21/bin/bin/../../lib/gcc/pic32c/8.3.1/../../../../pic32c/lib/thumb/v6-m/nofp\libpic32c.a(data_init_wrapper.o)
 .debug_frame   0x0000097c       0x30 c:/program files/microchip/xc32/v4.21/bin/bin/../../lib/gcc/pic32c/8.3.1/../../../../pic32c/lib/thumb/v6-m/nofp\libpic32c.a(data_init_0_1.o)
 .debug_frame   0x000009ac       0x38 c:/program files/microchip/xc32/v4.21/bin/bin/../../lib/gcc/pic32c/8.3.1/../../../../pic32c/lib/thumb/v6-m/nofp\libc-musl.a(__libc_start_main.o)
 .debug_frame   0x000009e4       0x20 c:/program files/microchip/xc32/v4.21/bin/bin/../../lib/gcc/pic32c/8.3.1/../../../../pic32c/lib/thumb/v6-m/nofp\libc-musl.a(memset.o)
 .debug_frame   0x00000a04       0x20 c:/program files/microchip/xc32/v4.21/bin/bin/../../lib/gcc/pic32c/8.3.1/thumb/v6-m/nofp\libgcc.a(_udivsi3.o)

.note.GNU-stack
                0x00000000        0x0
 .note.GNU-stack
                0x00000000        0x0 c:/program files/microchip/xc32/v4.21/bin/bin/../../lib/gcc/pic32c/8.3.1/../../../../pic32c/lib/thumb/v6-m/nofp\libc-musl.a(__libc_start_main.o)
 .note.GNU-stack
                0x00000000        0x0 c:/program files/microchip/xc32/v4.21/bin/bin/../../lib/gcc/pic32c/8.3.1/../../../../pic32c/lib/thumb/v6-m/nofp\libc-musl.a(libc.o)
 .note.GNU-stack
                0x00000000        0x0 c:/program files/microchip/xc32/v4.21/bin/bin/../../lib/gcc/pic32c/8.3.1/../../../../pic32c/lib/thumb/v6-m/nofp\libc-musl.a(memset.o)
 .note.GNU-stack
                0x00000000        0x0 c:/program files/microchip/xc32/v4.21/bin/bin/../../lib/gcc/pic32c/8.3.1/../../../../pic32c/lib/thumb/v6-m/nofp\libc-musl.a(__environ.o)

.stack          0x20000680      0x100
 .stack         0x20000680      0x100 stack

.bss.qtlib_key_data_set1%1
                0x20000014       0x78
 .bss.qtlib_key_data_set1
                0x20000014       0x78 build/default/production/_ext/162237794/touch.o
                0x20000014                qtlib_key_data_set1

.bss%2          0x2000008c       0x8e
 .bss           0x2000008c       0x50 c:/program files/microchip/xc32/v4.21/bin/bin/../../lib/gcc/pic32c/8.3.1/../../../../pic32c/lib/thumb/v6-m/nofp\libc-musl.a(libc.o)
                0x2000008c                __progname_full
                0x2000008c                program_invocation_name
                0x20000090                program_invocation_short_name
                0x20000090                __progname
                0x20000094                __sysinfo
                0x20000098                __hwcap
                0x2000009c                __libc
 .bss           0x200000dc       0x3e ..\src\config\default\touch\lib\qtm_surface_gestures_cm0p_0x0023.X.a(sam_surface_gestures_x_cm0p.o)

.bss.noise_filter_buffer%4
                0x2000011c       0x3c
 .bss.noise_filter_buffer
                0x2000011c       0x3c build/default/production/_ext/162237794/touch.o
                0x2000011c                noise_filter_buffer

.bss.ptc_qtlib_node_stat1%5
                0x20000158       0x3c
 .bss.ptc_qtlib_node_stat1
                0x20000158       0x3c build/default/production/_ext/162237794/touch.o
                0x20000158                ptc_qtlib_node_stat1

.bss.uart_runtime_data%6
                0x20000194       0x39
 .bss.uart_runtime_data
                0x20000194       0x39 build/default/production/_ext/1662611032/kronocommuart_sam.o
                0x20000194                uart_runtime_data

.bss.sercom4USARTObj%7
                0x200001d0       0x30
 .bss.sercom4USARTObj
                0x200001d0       0x30 build/default/production/_ext/504274921/plib_sercom4_usart.o

.bss%8          0x20000200       0x44
 .bss           0x20000200       0x28 ..\src\config\default\touch\lib\qtm_surface_cs_2t_cm0p_0x0025.X.a(sam_surface_cs_2t_x_cm0p.o)
 .bss           0x20000228       0x1c c:/program files/microchip/xc32/v4.21/bin/bin/../../lib/gcc/pic32c/8.3.1/thumb/v6-m/nofp/crtbegin.o

.bss.qtm_surface_contacts%10
                0x20000244       0x18
 .bss.qtm_surface_contacts
                0x20000244       0x18 build/default/production/_ext/162237794/touch.o
                0x20000244                qtm_surface_contacts

.bss.read_buffer%11
                0x2000025c       0x14
 .bss.read_buffer
                0x2000025c       0x14 build/default/production/_ext/1662611032/kronocommuart_sam.o
                0x2000025c                read_buffer

.bss.touchRaw%12
                0x20000270       0x14
 .bss.touchRaw  0x20000270       0x14 build/default/production/_ext/1662611032/kronocommadaptor.o

.bss.touchRef%13
                0x20000284       0x14
 .bss.touchRef  0x20000284       0x14 build/default/production/_ext/1662611032/kronocommadaptor.o

.bss.touch_acq_signals_raw%14
                0x20000298       0x14
 .bss.touch_acq_signals_raw
                0x20000298       0x14 build/default/production/_ext/162237794/touch.o
                0x20000298                touch_acq_signals_raw

.bss%15         0x200002ac       0x14
 .bss           0x200002ac       0x14 ..\src\config\default\touch\lib\qtm_acq_samc21_0x0020.X.a(sam_acq_x_samc21.o)
                0x200002ac                current_measure_channel

.bss.rtcObj%16  0x200002c0        0xc
 .bss.rtcObj    0x200002c0        0xc build/default/production/_ext/60180175/plib_rtc_timer.o

.bss.touchDelta%17
                0x200002cc        0xa
 .bss.touchDelta
                0x200002cc        0xa build/default/production/_ext/1662611032/kronocommadaptor.o

.bss.qtlib_key_grp_data_set1%18
                0x200002d8        0x8
 .bss.qtlib_key_grp_data_set1
                0x200002d8        0x8 build/default/production/_ext/162237794/touch.o
                0x200002d8                qtlib_key_grp_data_set1

.bss.uart_command_info%19
                0x200002e0        0x6
 .bss.uart_command_info
                0x200002e0        0x6 build/default/production/_ext/1662611032/kronocommuart_sam.o
                0x200002e0                uart_command_info

.bss.touchRam%20
                0x200002e8        0x6
 .bss.touchRam  0x200002e8        0x6 build/default/production/_ext/1662611032/kronocommadaptor.o

.bss.usart_ptr%21
                0x200002f0        0x4
 .bss.usart_ptr
                0x200002f0        0x4 build/default/production/_ext/1662611032/kronocommuart_sam.o
                0x200002f0                usart_ptr

.bss.rtc_context%22
                0x200002f4        0x4
 .bss.rtc_context
                0x200002f4        0x4 build/default/production/_ext/162237794/touch.o
                0x200002f4                rtc_context

.bss%23         0x200002f8        0x8
 .bss           0x200002f8        0x4 c:/program files/microchip/xc32/v4.21/bin/bin/../../lib/gcc/pic32c/8.3.1/../../../../pic32c/lib/thumb/v6-m/nofp\libpic32c.a(data_init_0_1.o)
 .bss           0x200002fc        0x4 c:/program files/microchip/xc32/v4.21/bin/bin/../../lib/gcc/pic32c/8.3.1/../../../../pic32c/lib/thumb/v6-m/nofp\libc-musl.a(__environ.o)
                0x200002fc                __environ
                0x200002fc                environ
                0x200002fc                ___environ
                0x200002fc                _environ

.bss%25         0x2000011a        0x2
 .bss           0x2000011a        0x2 ..\src\config\default\touch\lib\qtm_touch_key_cm0p_0x0002.X.a(sam_touch_key_x_cm0p.o)
                0x2000011a                qtm_local_ms_timecount

.bss.qtm_surface_cs_data1%26
                0x20000300        0x1
 .bss.qtm_surface_cs_data1
                0x20000300        0x1 build/default/production/_ext/162237794/touch.o
                0x20000300                qtm_surface_cs_data1

.bss.qtm_gestures_2d_data%27
                0x20000304        0x3
 .bss.qtm_gestures_2d_data
                0x20000304        0x3 build/default/production/_ext/162237794/touch.o
                0x20000304                qtm_gestures_2d_data

.bss.read_buf_read_ptr%28
                0x200002d6        0x1
 .bss.read_buf_read_ptr
                0x200002d6        0x1 build/default/production/_ext/1662611032/kronocommuart_sam.o
                0x200002d6                read_buf_read_ptr

.bss.read_buf_write_ptr%29
                0x200002d7        0x1
 .bss.read_buf_write_ptr
                0x200002d7        0x1 build/default/production/_ext/1662611032/kronocommuart_sam.o
                0x200002d7                read_buf_write_ptr

.bss.uart_new_data_available%30
                0x200002e6        0x1
 .bss.uart_new_data_available
                0x200002e6        0x1 build/default/production/_ext/1662611032/kronocommuart_sam.o
                0x200002e6                uart_new_data_available

.bss.uart_tx_in_progress%31
                0x200002e7        0x1
 .bss.uart_tx_in_progress
                0x200002e7        0x1 build/default/production/_ext/1662611032/kronocommuart_sam.o
                0x200002e7                uart_tx_in_progress

.bss.uart_tx_len%32
                0x200002ee        0x1
 .bss.uart_tx_len
                0x200002ee        0x1 build/default/production/_ext/1662611032/kronocommuart_sam.o
                0x200002ee                uart_tx_len

.bss.write_buf_read_ptr%33
                0x200002ef        0x1
 .bss.write_buf_read_ptr
                0x200002ef        0x1 build/default/production/_ext/1662611032/kronocommuart_sam.o
                0x200002ef                write_buf_read_ptr

.bss.write_buf_write_ptr%34
                0x200001cd        0x1
 .bss.write_buf_write_ptr
                0x200001cd        0x1 build/default/production/_ext/1662611032/kronocommuart_sam.o
                0x200001cd                write_buf_write_ptr

.bss.frameCount.6507%35
                0x200001ce        0x1
 .bss.frameCount.6507
                0x200001ce        0x1 build/default/production/_ext/1662611032/kronocommadaptor.o

.bss.initialized.6506%36
                0x200001cf        0x1
 .bss.initialized.6506
                0x200001cf        0x1 build/default/production/_ext/1662611032/kronocommadaptor.o

.bss.previousSurfaceStatus.6508%37
                0x20000301        0x1
 .bss.previousSurfaceStatus.6508
                0x20000301        0x1 build/default/production/_ext/1662611032/kronocommadaptor.o

.bss.writeback_req%38
                0x20000302        0x1
 .bss.writeback_req
                0x20000302        0x1 build/default/production/_ext/1662611032/kronocommadaptor.o

.bss.interrupt_cnt%39
                0x20000303        0x1
 .bss.interrupt_cnt
                0x20000303        0x1 build/default/production/_ext/162237794/touch.o
                0x20000303                interrupt_cnt

.bss.measurement_done_touch%40
                0x20000307        0x1
 .bss.measurement_done_touch
                0x20000307        0x1 build/default/production/_ext/162237794/touch.o
                0x20000307                measurement_done_touch

.bss.module_error_code%41
                0x20000308        0x1
 .bss.module_error_code
                0x20000308        0x1 build/default/production/_ext/162237794/touch.o
                0x20000308                module_error_code

.bss.time_to_measure_touch_var%42
                0x20000309        0x1
 .bss.time_to_measure_touch_var
                0x20000309        0x1 build/default/production/_ext/162237794/touch.o
                0x20000309                time_to_measure_touch_var

.bss.touch_gesture_time_cnt%43
                0x2000030a        0x1
 .bss.touch_gesture_time_cnt
                0x2000030a        0x1 build/default/production/_ext/162237794/touch.o
                0x2000030a                touch_gesture_time_cnt

.bss.touch_postprocess_request%44
                0x2000030b        0x1
 .bss.touch_postprocess_request
                0x2000030b        0x1 build/default/production/_ext/162237794/touch.o
                0x2000030b                touch_postprocess_request

.data.ptc_seq_node_cfg1%45
                0x2000030c       0x78
 .data.ptc_seq_node_cfg1
                0x2000030c       0x78 build/default/production/_ext/162237794/touch.o
                0x2000030c                ptc_seq_node_cfg1

.data.qtm_gestures_2d_config%46
                0x20000384       0x28
 .data.qtm_gestures_2d_config
                0x20000384       0x28 build/default/production/_ext/162237794/touch.o
                0x20000384                qtm_gestures_2d_config

.data.qtlib_key_configs_set1%47
                0x200003ac       0x1e
 .data.qtlib_key_configs_set1
                0x200003ac       0x1e build/default/production/_ext/162237794/touch.o
                0x200003ac                qtlib_key_configs_set1

.data.qtlib_key_set1%48
                0x200003cc       0x10
 .data.qtlib_key_set1
                0x200003cc       0x10 build/default/production/_ext/162237794/touch.o
                0x200003cc                qtlib_key_set1

.data.qtm_surface_cs_config1%49
                0x200003dc       0x10
 .data.qtm_surface_cs_config1
                0x200003dc       0x10 build/default/production/_ext/162237794/touch.o
                0x200003dc                qtm_surface_cs_config1

.data.gestureCfgRam%50
                0x200003ec        0xe
 .data.gestureCfgRam
                0x200003ec        0xe build/default/production/_ext/1662611032/kronocommadaptor.o

.data.qtlib_acq_set1%51
                0x200003fc        0xc
 .data.qtlib_acq_set1
                0x200003fc        0xc build/default/production/_ext/162237794/touch.o
                0x200003fc                qtlib_acq_set1

.data.qtm_freq_hop_config1%52
                0x20000408        0xc
 .data.qtm_freq_hop_config1
                0x20000408        0xc build/default/production/_ext/162237794/touch.o
                0x20000408                qtm_freq_hop_config1

.data.qtm_freq_hop_data1%53
                0x20000414        0xc
 .data.qtm_freq_hop_data1
                0x20000414        0xc build/default/production/_ext/162237794/touch.o
                0x20000414                qtm_freq_hop_data1

.data.qtm_surface_cs_control1%54
                0x20000420        0xc
 .data.qtm_surface_cs_control1
                0x20000420        0xc build/default/production/_ext/162237794/touch.o
                0x20000420                qtm_surface_cs_control1

.data.cfgRam%55
                0x2000042c        0xa
 .data.cfgRam   0x2000042c        0xa build/default/production/_ext/1662611032/kronocommadaptor.o

.data.qtlib_key_grp_config_set1%56
                0x20000438        0xa
 .data.qtlib_key_grp_config_set1
                0x20000438        0xa build/default/production/_ext/162237794/touch.o
                0x20000438                qtlib_key_grp_config_set1

.data.coreRam%57
                0x20000444        0x8
 .data.coreRam  0x20000444        0x8 build/default/production/_ext/1662611032/kronocommadaptor.o

.data.qtm_freq_hop_control1%58
                0x2000044c        0x8
 .data.qtm_freq_hop_control1
                0x2000044c        0x8 build/default/production/_ext/162237794/touch.o
                0x2000044c                qtm_freq_hop_control1

.data.qtm_gestures_2d_control1%59
                0x20000454        0x8
 .data.qtm_gestures_2d_control1
                0x20000454        0x8 build/default/production/_ext/162237794/touch.o
                0x20000454                qtm_gestures_2d_control1

.data.ptc_qtlib_acq_gen1%60
                0x2000045c        0x6
 .data.ptc_qtlib_acq_gen1
                0x2000045c        0x6 build/default/production/_ext/162237794/touch.o
                0x2000045c                ptc_qtlib_acq_gen1

.data.freq_hop_delay_selection%61
                0x20000464        0x3
 .data.freq_hop_delay_selection
                0x20000464        0x3 build/default/production/_ext/162237794/touch.o
                0x20000464                freq_hop_delay_selection

.data%62        0x200003ca        0x2
 .data          0x200003ca        0x2 ..\src\config\default\touch\lib\qtm_surface_gestures_cm0p_0x0023.X.a(sam_surface_gestures_x_cm0p.o)

.data.uart_send_ges_data_flag%63
                0x200003fa        0x1
 .data.uart_send_ges_data_flag
                0x200003fa        0x1 build/default/production/_ext/1662611032/kronocommuart_sam.o
                0x200003fa                uart_send_ges_data_flag

.data%64        0x200003fb        0x1
 .data          0x200003fb        0x1 ..\src\config\default\touch\lib\qtm_acq_samc21_0x0020.X.a(sam_acq_x_samc21.o)
                0x200003fb                qtm_which_mode_current

.eh_frame%z1    0x00000000        0x0
 .eh_frame      0x00000000        0x0 c:/program files/microchip/xc32/v4.21/bin/bin/../../lib/gcc/pic32c/8.3.1/thumb/v6-m/nofp/crtbegin.o

.config_00804000.__config_00804000%65
                0x00804000        0x4
 .config_00804000.__config_00804000
                0x00804000        0x4 build/default/production/_ext/1171490990/initialization.o
                0x00804000                __config_00804000

.config_00804004.__config_00804004%66
                0x00804004        0x4
 .config_00804004.__config_00804004
                0x00804004        0x4 build/default/production/_ext/1171490990/initialization.o
                0x00804004                __config_00804004

.text.qtm_surface_cs2t_process%67
                0x000000dc      0x908
 .text.qtm_surface_cs2t_process
                0x000000dc      0x908 ..\src\config\default\touch\lib\qtm_surface_cs_2t_cm0p_0x0025.X.a(sam_surface_cs_2t_x_cm0p.o)
                0x000000dc                qtm_surface_cs2t_process

.text.qtm_gestures_2d_process%68
                0x000009e4      0x4f0
 .text.qtm_gestures_2d_process
                0x000009e4      0x4f0 ..\src\config\default\touch\lib\qtm_surface_gestures_cm0p_0x0023.X.a(sam_surface_gestures_x_cm0p.o)
                0x000009e4                qtm_gestures_2d_process

.dinit%69       0x00000ed4      0x490
 .dinit         0x00000ed4      0x490 data_init

.text.qtm_key_sensors_process%70
                0x00001364      0x48c
 .text.qtm_key_sensors_process
                0x00001364      0x48c ..\src\config\default\touch\lib\qtm_touch_key_cm0p_0x0002.X.a(sam_touch_key_x_cm0p.o)
                0x00001364                qtm_key_sensors_process

.text.qtm_acquisition_process%71
                0x000017f0      0x350
 .text.qtm_acquisition_process
                0x000017f0      0x350 ..\src\config\default\touch\lib\qtm_acq_samc21_0x0020.X.a(sam_acq_x_samc21.o)
                0x000017f0                qtm_acquisition_process

.text.Krono_UpdateBuffer%72
                0x00001b40      0x2d8
 .text.Krono_UpdateBuffer
                0x00001b40      0x2d8 build/default/production/_ext/1662611032/kronocommadaptor.o
                0x00001b40                Krono_UpdateBuffer

.text.appendEvent%73
                0x00001e18      0x274
 .text.appendEvent
                0x00001e18      0x274 ..\src\config\default\touch\lib\qtm_surface_gestures_cm0p_0x0023.X.a(sam_surface_gestures_x_cm0p.o)

.text.qtm_measure_node%74
                0x0000208c      0x19c
 .text.qtm_measure_node
                0x0000208c      0x19c ..\src\config\default\touch\lib\qtm_acq_samc21_0x0020.X.a(sam_acq_x_samc21.o)

.text.uart_process%75
                0x00002228      0x178
 .text.uart_process
                0x00002228      0x178 build/default/production/_ext/1662611032/kronocommuart_sam.o
                0x00002228                uart_process

.text.SERCOM4_USART_InterruptHandler%76
                0x000023a0      0x16c
 .text.SERCOM4_USART_InterruptHandler
                0x000023a0      0x16c build/default/production/_ext/504274921/plib_sercom4_usart.o
                0x000023a0                SERCOM4_USART_InterruptHandler

.text.qtm_ptc_init_acquisition_module%77
                0x0000250c      0x134
 .text.qtm_ptc_init_acquisition_module
                0x0000250c      0x134 ..\src\config\default\touch\lib\qtm_acq_samc21_0x0020.X.a(sam_acq_x_samc21.o)
                0x0000250c                qtm_ptc_init_acquisition_module

.text.qtm_freq_hop%78
                0x00002640      0x108
 .text.qtm_freq_hop
                0x00002640      0x108 ..\src\config\default\touch\lib\qtm_freq_hop_cm0p_0x0006.X.a(sam_freq_hop_x_cm0p.o)
                0x00002640                qtm_freq_hop

.rodata%79      0x00002748      0x100
 .rodata        0x00002748      0x100 ..\src\config\default\touch\lib\qtm_surface_gestures_cm0p_0x0023.X.a(sam_surface_gestures_x_cm0p.o)
                0x00002748                GESTURE_EVENTS
                0x00002838                stateTable

.text.qtm_ptc_start_measurement_seq%80
                0x00002848       0xd4
 .text.qtm_ptc_start_measurement_seq
                0x00002848       0xd4 ..\src\config\default\touch\lib\qtm_acq_samc21_0x0020.X.a(sam_acq_x_samc21.o)
                0x00002848                qtm_ptc_start_measurement_seq

.text.touch_process%81
                0x0000291c       0xd0
 .text.touch_process
                0x0000291c       0xd0 build/default/production/_ext/162237794/touch.o
                0x0000291c                touch_process

.text.CLOCK_Initialize%82
                0x000029ec       0xc4
 .text.CLOCK_Initialize
                0x000029ec       0xc4 build/default/production/_ext/1984496892/plib_clock.o
                0x000029ec                CLOCK_Initialize

.text.get_interpolated_position.isra.2%83
                0x00002ab0       0xc0
 .text.get_interpolated_position.isra.2
                0x00002ab0       0xc0 ..\src\config\default\touch\lib\qtm_surface_cs_2t_cm0p_0x0025.X.a(sam_surface_cs_2t_x_cm0p.o)

.text.Krono_memory_map_read%84
                0x00002b70       0xa8
 .text.Krono_memory_map_read
                0x00002b70       0xa8 build/default/production/_ext/1662611032/kronocommadaptor.o
                0x00002b70                Krono_memory_map_read

.text.qtm_samc21_ptc_handler_eoc%85
                0x00002c18       0xa4
 .text.qtm_samc21_ptc_handler_eoc
                0x00002c18       0xa4 ..\src\config\default\touch\lib\qtm_acq_samc21_0x0020.X.a(sam_acq_x_samc21.o)
                0x00002c18                qtm_samc21_ptc_handler_eoc

.text.uart_send_touch_gesture_data%86
                0x00002cbc       0x98
 .text.uart_send_touch_gesture_data
                0x00002cbc       0x98 build/default/production/_ext/1662611032/kronocommuart_sam.o
                0x00002cbc                uart_send_touch_gesture_data

.text.uart_init_debug_data%87
                0x00002d54       0x90
 .text.uart_init_debug_data
                0x00002d54       0x90 build/default/production/_ext/1662611032/kronocommuart_sam.o
                0x00002d54                uart_init_debug_data

.text.check_for_twin_peaks.isra.1%88
                0x00002de4       0x8c
 .text.check_for_twin_peaks.isra.1
                0x00002de4       0x8c ..\src\config\default\touch\lib\qtm_surface_cs_2t_cm0p_0x0025.X.a(sam_surface_cs_2t_x_cm0p.o)

.text%89        0x00002e70       0x8c
 .text          0x00002e70       0x8c c:/program files/microchip/xc32/v4.21/bin/bin/../../lib/gcc/pic32c/8.3.1/thumb/v6-m/nofp\libgcc.a(_udivsi3.o)
                0x00002e70                __aeabi_uidiv
                0x00002e70                __udivsi3
                0x00002ee8                __aeabi_uidivmod

.text.charge_share_test%90
                0x00002efc       0x88
 .text.charge_share_test
                0x00002efc       0x88 ..\src\config\default\touch\lib\qtm_acq_samc21_0x0020.X.a(sam_acq_x_samc21.o)

.text.check_for_aks_block%91
                0x00002f84       0x7a
 .text.check_for_aks_block
                0x00002f84       0x7a ..\src\config\default\touch\lib\qtm_touch_key_cm0p_0x0002.X.a(sam_touch_key_x_cm0p.o)

.text.SERCOM4_USART_Write%92
                0x00003000       0x74
 .text.SERCOM4_USART_Write
                0x00003000       0x74 build/default/production/_ext/504274921/plib_sercom4_usart.o
                0x00003000                SERCOM4_USART_Write

.text.__pic32c_data_initialization_impl%93
                0x00003074       0x70
 .text.__pic32c_data_initialization_impl
                0x00003074       0x70 c:/program files/microchip/xc32/v4.21/bin/bin/../../lib/gcc/pic32c/8.3.1/../../../../pic32c/lib/thumb/v6-m/nofp\libpic32c.a(data_init_0_1.o)
                0x00003074                __copy_needed
                0x00003074                __pic32c_data_initialization_impl

.text.PORT_Initialize%94
                0x000030e4       0x68
 .text.PORT_Initialize
                0x000030e4       0x68 build/default/production/_ext/1865521619/plib_port.o
                0x000030e4                PORT_Initialize

.text.touch_init%95
                0x0000314c       0x68
 .text.touch_init
                0x0000314c       0x68 build/default/production/_ext/162237794/touch.o
                0x0000314c                touch_init

.text.qtm_load_group_config.isra.1%96
                0x000031b4       0x60
 .text.qtm_load_group_config.isra.1
                0x000031b4       0x60 ..\src\config\default\touch\lib\qtm_acq_samc21_0x0020.X.a(sam_acq_x_samc21.o)

.text.touch_timer_handler%97
                0x00003214       0x5c
 .text.touch_timer_handler
                0x00003214       0x5c build/default/production/_ext/162237794/touch.o
                0x00003214                touch_timer_handler

.text.divide%98
                0x00003270       0x5c
 .text.divide   0x00003270       0x5c ..\src\config\default\touch\lib\qtm_surface_cs_2t_cm0p_0x0025.X.a(sam_surface_cs_2t_x_cm0p.o)

.text.get_axis_contact_size%99
                0x000032cc       0x5c
 .text.get_axis_contact_size
                0x000032cc       0x5c ..\src\config\default\touch\lib\qtm_surface_cs_2t_cm0p_0x0025.X.a(sam_surface_cs_2t_x_cm0p.o)

.text.deadband_and_scale%100
                0x00003328       0x5c
 .text.deadband_and_scale
                0x00003328       0x5c ..\src\config\default\touch\lib\qtm_surface_cs_2t_cm0p_0x0025.X.a(sam_surface_cs_2t_x_cm0p.o)
                0x00003328                deadband_and_scale

.text.__libc_start_init%101
                0x00003384       0x5c
 .text.__libc_start_init
                0x00003384       0x5c c:/program files/microchip/xc32/v4.21/bin/bin/../../lib/gcc/pic32c/8.3.1/../../../../pic32c/lib/thumb/v6-m/nofp\libc-musl.a(__libc_start_main.o)
                0x00003384                __libc_init_array

.text.NVIC_Initialize%102
                0x000033e0       0x58
 .text.NVIC_Initialize
                0x000033e0       0x58 build/default/production/_ext/1865468468/plib_nvic.o
                0x000033e0                NVIC_Initialize

.text.SERCOM4_USART_Initialize%103
                0x00003438       0x58
 .text.SERCOM4_USART_Initialize
                0x00003438       0x58 build/default/production/_ext/504274921/plib_sercom4_usart.o
                0x00003438                SERCOM4_USART_Initialize

.text.median_filter_update%104
                0x00003490       0x54
 .text.median_filter_update
                0x00003490       0x54 ..\src\config\default\touch\lib\qtm_surface_cs_2t_cm0p_0x0025.X.a(sam_surface_cs_2t_x_cm0p.o)

.text.qtm_calibrate_sensor_node%105
                0x000034e4       0x50
 .text.qtm_calibrate_sensor_node
                0x000034e4       0x50 ..\src\config\default\touch\lib\qtm_acq_samc21_0x0020.X.a(sam_acq_x_samc21.o)
                0x000034e4                qtm_calibrate_sensor_node

.text.Krono_memory_map_write%106
                0x00003534       0x4c
 .text.Krono_memory_map_write
                0x00003534       0x4c build/default/production/_ext/1662611032/kronocommadaptor.o
                0x00003534                Krono_memory_map_write

.text%107       0x00003580       0x48
 .text          0x00003580       0x48 c:/program files/microchip/xc32/v4.21/bin/bin/../../lib/gcc/pic32c/8.3.1/thumb/v6-m/nofp/crtbegin.o

.text.krono_tx_complete_callback%108
                0x000035c8       0x48
 .text.krono_tx_complete_callback
                0x000035c8       0x48 build/default/production/_ext/1662611032/kronocommuart_sam.o
                0x000035c8                krono_tx_complete_callback

.text.Reset_Handler%109
                0x00003610       0x48
 .text.Reset_Handler
                0x00003610       0x48 build/default/production/_ext/1171490990/startup_xc32.o
                0x00003610                Reset_Handler

.text.SERCOM4_USART_Read%110
                0x00003658       0x44
 .text.SERCOM4_USART_Read
                0x00003658       0x44 build/default/production/_ext/504274921/plib_sercom4_usart.o
                0x00003658                SERCOM4_USART_Read

.text.uart_send_header%111
                0x0000369c       0x44
 .text.uart_send_header
                0x0000369c       0x44 build/default/production/_ext/1662611032/kronocommuart_sam.o
                0x0000369c                uart_send_header

.text.filter_position_iir%112
                0x000036e0       0x42
 .text.filter_position_iir
                0x000036e0       0x42 ..\src\config\default\touch\lib\qtm_surface_cs_2t_cm0p_0x0025.X.a(sam_surface_cs_2t_x_cm0p.o)

.text.select_next_channel_to_measure%113
                0x00003724       0x40
 .text.select_next_channel_to_measure
                0x00003724       0x40 ..\src\config\default\touch\lib\qtm_acq_samc21_0x0020.X.a(sam_acq_x_samc21.o)

.text.getSwipeDirection%114
                0x00003764       0x3c
 .text.getSwipeDirection
                0x00003764       0x3c ..\src\config\default\touch\lib\qtm_surface_gestures_cm0p_0x0023.X.a(sam_surface_gestures_x_cm0p.o)

.text.touch_timer_config%115
                0x000037a0       0x38
 .text.touch_timer_config
                0x000037a0       0x38 build/default/production/_ext/162237794/touch.o
                0x000037a0                touch_timer_config

.text.RTC_Initialize%116
                0x000037d8       0x34
 .text.RTC_Initialize
                0x000037d8       0x34 build/default/production/_ext/60180175/plib_rtc_timer.o
                0x000037d8                RTC_Initialize

.text.krono_rx_complete_callback%117
                0x0000380c       0x34
 .text.krono_rx_complete_callback
                0x0000380c       0x34 build/default/production/_ext/1662611032/kronocommuart_sam.o
                0x0000380c                krono_rx_complete_callback

.text.SYS_Initialize%118
                0x00003840       0x30
 .text.SYS_Initialize
                0x00003840       0x30 build/default/production/_ext/1171490990/initialization.o
                0x00003840                SYS_Initialize

.rodata%119     0x00003870       0x2e
 .rodata        0x00003870       0x2e ..\src\config\default\touch\lib\qtm_acq_samc21_0x0020.X.a(sam_acq_x_samc21.o)

.text.RTC_InterruptHandler%120
                0x000038a0       0x2c
 .text.RTC_InterruptHandler
                0x000038a0       0x2c build/default/production/_ext/60180175/plib_rtc_timer.o
                0x000038a0                RTC_InterruptHandler

.text.SERCOM4_USART_ErrorClear%121
                0x000038cc       0x2c
 .text.SERCOM4_USART_ErrorClear
                0x000038cc       0x2c build/default/production/_ext/504274921/plib_sercom4_usart.o

.text.uart_send_data%122
                0x000038f8       0x2c
 .text.uart_send_data
                0x000038f8       0x2c build/default/production/_ext/1662611032/kronocommuart_sam.o
                0x000038f8                uart_send_data

.text.qtm_init_surface_cs2t%123
                0x00003924       0x2a
 .text.qtm_init_surface_cs2t
                0x00003924       0x2a ..\src\config\default\touch\lib\qtm_surface_cs_2t_cm0p_0x0025.X.a(sam_surface_cs_2t_x_cm0p.o)
                0x00003924                qtm_init_surface_cs2t

.text.uart_get_char%124
                0x00003950       0x28
 .text.uart_get_char
                0x00003950       0x28 build/default/production/_ext/1662611032/kronocommuart_sam.o
                0x00003950                uart_get_char

.text.uart_send_data_wait%125
                0x00003978       0x28
 .text.uart_send_data_wait
                0x00003978       0x28 build/default/production/_ext/1662611032/kronocommuart_sam.o
                0x00003978                uart_send_data_wait

.text.uart_min_num_bytes_received%126
                0x000039a0       0x24
 .text.uart_min_num_bytes_received
                0x000039a0       0x24 build/default/production/_ext/1662611032/kronocommuart_sam.o
                0x000039a0                uart_min_num_bytes_received

.text.qtm_ptc_clear_interrupt%127
                0x000039c4       0x24
 .text.qtm_ptc_clear_interrupt
                0x000039c4       0x24 ..\src\config\default\touch\lib\qtm_acq_samc21_0x0020.X.a(sam_acq_x_samc21.o)
                0x000039c4                qtm_ptc_clear_interrupt

.text.qtm_init_gestures_2d%128
                0x000039e8       0x24
 .text.qtm_init_gestures_2d
                0x000039e8       0x24 ..\src\config\default\touch\lib\qtm_surface_gestures_cm0p_0x0023.X.a(sam_surface_gestures_x_cm0p.o)
                0x000039e8                qtm_init_gestures_2d

.text.qtm_enable_sensor_node%129
                0x00003a0c       0x20
 .text.qtm_enable_sensor_node
                0x00003a0c       0x20 ..\src\config\default\touch\lib\qtm_acq_samc21_0x0020.X.a(sam_acq_x_samc21.o)
                0x00003a0c                qtm_enable_sensor_node

.text.qtm_init_sensor_key%130
                0x00003a2c       0x1e
 .text.qtm_init_sensor_key
                0x00003a2c       0x1e ..\src\config\default\touch\lib\qtm_touch_key_cm0p_0x0002.X.a(sam_touch_key_x_cm0p.o)
                0x00003a2c                qtm_init_sensor_key

.text.RTC_Timer32Start%131
                0x00003a4c       0x1c
 .text.RTC_Timer32Start
                0x00003a4c       0x1c build/default/production/_ext/60180175/plib_rtc_timer.o
                0x00003a4c                RTC_Timer32Start

.text.RTC_Timer32Stop%132
                0x00003a68       0x1c
 .text.RTC_Timer32Stop
                0x00003a68       0x1c build/default/production/_ext/60180175/plib_rtc_timer.o
                0x00003a68                RTC_Timer32Stop

.text.sync_config%133
                0x00003a84       0x18
 .text.sync_config
                0x00003a84       0x18 ..\src\config\default\touch\lib\qtm_acq_samc21_0x0020.X.a(sam_acq_x_samc21.o)

.text.get_key_delta%134
                0x00003a9c       0x18
 .text.get_key_delta
                0x00003a9c       0x18 ..\src\config\default\touch\lib\qtm_surface_cs_2t_cm0p_0x0025.X.a(sam_surface_cs_2t_x_cm0p.o)

.text.RTC_Timer32CounterSet%135
                0x00003ab4       0x14
 .text.RTC_Timer32CounterSet
                0x00003ab4       0x14 build/default/production/_ext/60180175/plib_rtc_timer.o
                0x00003ab4                RTC_Timer32CounterSet

.text.RTC_Timer32CompareSet%136
                0x00003ac8       0x14
 .text.RTC_Timer32CompareSet
                0x00003ac8       0x14 build/default/production/_ext/60180175/plib_rtc_timer.o
                0x00003ac8                RTC_Timer32CompareSet

.text.qtm_ptc_qtlib_assign_signal_memory%137
                0x00003adc       0x14
 .text.qtm_ptc_qtlib_assign_signal_memory
                0x00003adc       0x14 ..\src\config\default\touch\lib\qtm_acq_samc21_0x0020.X.a(sam_acq_x_samc21.o)
                0x00003adc                qtm_ptc_qtlib_assign_signal_memory

.text.Gestures_QueryStatus%138
                0x00003af0       0x14
 .text.Gestures_QueryStatus
                0x00003af0       0x14 ..\src\config\default\touch\lib\qtm_surface_gestures_cm0p_0x0023.X.a(sam_surface_gestures_x_cm0p.o)
                0x00003af0                Gestures_QueryStatus

.text.qtm_gestures_2d_clearGesture%139
                0x00003b04       0x14
 .text.qtm_gestures_2d_clearGesture
                0x00003b04       0x14 ..\src\config\default\touch\lib\qtm_surface_gestures_cm0p_0x0023.X.a(sam_surface_gestures_x_cm0p.o)
                0x00003b04                qtm_gestures_2d_clearGesture

.text.qtm_update_gesture_2d_timer%140
                0x00003b18       0x14
 .text.qtm_update_gesture_2d_timer
                0x00003b18       0x14 ..\src\config\default\touch\lib\qtm_surface_gestures_cm0p_0x0023.X.a(sam_surface_gestures_x_cm0p.o)
                0x00003b18                qtm_update_gesture_2d_timer

.text%141       0x00003b2c       0x14
 .text          0x00003b2c       0x14 c:/program files/microchip/xc32/v4.21/bin/bin/../../lib/gcc/pic32c/8.3.1/thumb/v6-m/nofp\libgcc.a(_thumb1_case_uhi.o)
                0x00003b2c                __gnu_thumb1_case_uhi

.text.EVSYS_Initialize%142
                0x00003b40       0x10
 .text.EVSYS_Initialize
                0x00003b40       0x10 build/default/production/_ext/1986646378/plib_evsys.o
                0x00003b40                EVSYS_Initialize

.text.qtm_update_qtlib_timer%143
                0x00003b50       0x10
 .text.qtm_update_qtlib_timer
                0x00003b50       0x10 ..\src\config\default\touch\lib\qtm_touch_key_cm0p_0x0002.X.a(sam_touch_key_x_cm0p.o)
                0x00003b50                qtm_update_qtlib_timer

.text.memset%144
                0x00003b60       0x10
 .text.memset   0x00003b60       0x10 c:/program files/microchip/xc32/v4.21/bin/bin/../../lib/gcc/pic32c/8.3.1/../../../../pic32c/lib/thumb/v6-m/nofp\libc-musl.a(memset.o)
                0x00003b60                memset

.text.main%145  0x00003b70        0xe
 .text.main     0x00003b70        0xe build/default/production/_ext/1360937237/main.o
                0x00003b70                main

.text.NVMCTRL_Initialize%146
                0x00003b80        0xc
 .text.NVMCTRL_Initialize
                0x00003b80        0xc build/default/production/_ext/1593096446/plib_nvmctrl.o
                0x00003b80                NVMCTRL_Initialize

.text.RTC_Timer32CallbackRegister%147
                0x00003b8c        0xc
 .text.RTC_Timer32CallbackRegister
                0x00003b8c        0xc build/default/production/_ext/60180175/plib_rtc_timer.o
                0x00003b8c                RTC_Timer32CallbackRegister

.text.SERCOM4_USART_WriteCallbackRegister%148
                0x00003b98        0xc
 .text.SERCOM4_USART_WriteCallbackRegister
                0x00003b98        0xc build/default/production/_ext/504274921/plib_sercom4_usart.o
                0x00003b98                SERCOM4_USART_WriteCallbackRegister

.text.SERCOM4_USART_ReadCallbackRegister%149
                0x00003ba4        0xc
 .text.SERCOM4_USART_ReadCallbackRegister
                0x00003ba4        0xc build/default/production/_ext/504274921/plib_sercom4_usart.o
                0x00003ba4                SERCOM4_USART_ReadCallbackRegister

.text.qtm_measure_complete_callback%150
                0x00003bb0        0xc
 .text.qtm_measure_complete_callback
                0x00003bb0        0xc build/default/production/_ext/162237794/touch.o

.text.PTC_Handler%151
                0x00003bbc        0xc
 .text.PTC_Handler
                0x00003bbc        0xc build/default/production/_ext/162237794/touch.o
                0x00003bbc                PTC_Handler

.text.rtc_cb%152
                0x00003bc8        0x8
 .text.rtc_cb   0x00003bc8        0x8 build/default/production/_ext/162237794/touch.o
                0x00003bc8                rtc_cb

.text.__pic32c_data_initialization%153
                0x00003bd0        0x8
 .text.__pic32c_data_initialization
                0x00003bd0        0x8 c:/program files/microchip/xc32/v4.21/bin/bin/../../lib/gcc/pic32c/8.3.1/../../../../pic32c/lib/thumb/v6-m/nofp\libpic32c.a(data_init_wrapper.o)
                0x00003bd0                __pic32c_data_initialization

.text%154       0x00003bd8        0x4
 .text          0x00003bd8        0x4 c:/program files/microchip/xc32/v4.21/bin/bin/../../lib/gcc/pic32c/8.3.1/thumb/v6-m/nofp\libgcc.a(_dvmd_tls.o)
                0x00003bd8                __aeabi_idiv0
                0x00003bd8                __aeabi_ldiv0

.text.Dummy_Handler%155
                0x00002ffe        0x2
 .text.Dummy_Handler
                0x00002ffe        0x2 build/default/production/_ext/1171490990/interrupts.o
                0x00002ffe                SVCall_Handler
                0x00002ffe                DMAC_Handler
                0x00002ffe                TC2_Handler
                0x00002ffe                AC_Handler
                0x00002ffe                SysTick_Handler
                0x00002ffe                PendSV_Handler
                0x00002ffe                SERCOM1_Handler
                0x00002ffe                TCC1_Handler
                0x00002ffe                SERCOM2_Handler
                0x00002ffe                TCC0_Handler
                0x00002ffe                ADC1_Handler
                0x00002ffe                EIC_Handler
                0x00002ffe                WDT_Handler
                0x00002ffe                CAN0_Handler
                0x00002ffe                TC4_Handler
                0x00002ffe                TC1_Handler
                0x00002ffe                TC3_Handler
                0x00002ffe                SDADC_Handler
                0x00002ffe                Dummy_Handler
                0x00002ffe                SERCOM5_Handler
                0x00002ffe                CAN1_Handler
                0x00002ffe                ADC0_Handler
                0x00002ffe                TSENS_Handler
                0x00002ffe                TCC2_Handler
                0x00002ffe                EVSYS_Handler
                0x00002ffe                SERCOM3_Handler
                0x00002ffe                NVMCTRL_Handler
                0x00002ffe                SYSTEM_Handler
                0x00002ffe                SERCOM0_Handler
                0x00002ffe                DAC_Handler
                0x00002ffe                FREQM_Handler
                0x00002ffe                TC0_Handler

.text.NonMaskableInt_Handler%156
                0x00003722        0x2
 .text.NonMaskableInt_Handler
                0x00003722        0x2 build/default/production/_ext/1171490990/exceptions.o
                0x00003722                NonMaskableInt_Handler

.text.HardFault_Handler%157
                0x0000389e        0x2
 .text.HardFault_Handler
                0x0000389e        0x2 build/default/production/_ext/1171490990/exceptions.o
                0x0000389e                HardFault_Handler

.text.Dummy_App_Func%158
                0x0000394e        0x2
 .text.Dummy_App_Func
                0x0000394e        0x2 build/default/production/_ext/1171490990/startup_xc32.o
                0x0000394e                _on_reset
                0x0000394e                _on_bootstrap
                0x0000394e                __xc32_on_reset
                0x0000394e                Dummy_App_Func
                0x0000394e                __xc32_on_bootstrap

.text.__dummy%159
                0x00003a4a        0x2
 .text.__dummy  0x00003a4a        0x2 c:/program files/microchip/xc32/v4.21/bin/bin/../../lib/gcc/pic32c/8.3.1/../../../../pic32c/lib/thumb/v6-m/nofp\libc-musl.a(__libc_start_main.o)
                0x00003a4a                __init_stdio
                0x00003a4a                __init_host
